Supervisor::Impl::load_plugins: Loaded component: libcubitcomp.ccl from directory: /home/antonov/.bin/CAE-Fidesys-8.1/preprocessor/bin
Supervisor::Impl::load_plugins: Loaded component: libFidesysComp.ccl from directory: /home/antonov/.bin/CAE-Fidesys-8.1/preprocessor/bin

%>import fidesys

%>fidesys.cmd('reset')

Finished Command: reset

True
%>fidesys.silent_cmd('import fidesyscase \'/home/antonov/Base/Libs/FCModel/data/fc_core_tests/13923_dynamic.fc\'')

[2026-09-11 15:10:28.314] [error] Unrecognized Identifier: 'pure_lagrangian'

ERROR: Unrecognized Identifier: 'pure_lagrangian'
[2026-09-11 15:10:28.314] [error] syntax error (<stdin>, line 46)

ERROR: syntax error (<stdin>, line 46)
True
%>import cubit

%>import json

%>print("FCMODEL_IMPORT_DONE=" + json.dumps({"errors": cubit.get_error_count(), "nodes": cubit.get_node_count(), "elements": cubit.get_element_count(), "version": cubit.get_version()}))

FCMODEL_IMPORT_DONE={"errors": 2, "nodes": 72, "elements": 50, "version": "2021.11"}
1 Displacement was deleted.
...deleting 50 faces from database...
...deleting 120 edges from database...
...deleting 72 nodes from database...
[2026-09-11 15:10:28.343] [error] Errors found during session.

ERROR: Errors found during session.
