Supervisor::Impl::load_plugins: Loaded component: libcubitcomp.ccl from directory: /home/antonov/.bin/CAE-Fidesys-8.1/preprocessor/bin
Supervisor::Impl::load_plugins: Loaded component: libFidesysComp.ccl from directory: /home/antonov/.bin/CAE-Fidesys-8.1/preprocessor/bin

%>import fidesys

%>fidesys.cmd('reset')

Finished Command: reset

True
%>fidesys.silent_cmd('import fidesyscase \'/home/antonov/Base/Libs/FCModel/data/fc_core_tests/ContactTiedPolicyParser.fc\'')

[2026-09-11 15:15:58.102] [error] Master entity is empty.

ERROR: Master entity is empty.
[2026-09-11 15:15:58.102] [error] Command Failed.

ERROR: Command Failed.
[2026-09-11 15:15:58.104] [error] Master entity is empty.

ERROR: Master entity is empty.
[2026-09-11 15:15:58.104] [error] Command Failed.

ERROR: Command Failed.
[2026-09-11 15:15:58.106] [error] Master entity is empty.

ERROR: Master entity is empty.
[2026-09-11 15:15:58.107] [error] Command Failed.

ERROR: Command Failed.
[2026-09-11 15:15:58.108] [error] Master entity is empty.

ERROR: Master entity is empty.
[2026-09-11 15:15:58.108] [error] Command Failed.

ERROR: Command Failed.
True
%>import cubit

%>import json

%>print("FCMODEL_IMPORT_DONE=" + json.dumps({"errors": cubit.get_error_count(), "nodes": cubit.get_node_count(), "elements": cubit.get_element_count(), "version": cubit.get_version()}))

FCMODEL_IMPORT_DONE={"errors": 8, "nodes": 8, "elements": 2, "version": "2021.11"}
2 Displacement's were deleted.
1 Pressure was deleted.
...deleting 2 faces from database...
...deleting 8 edges from database...
...deleting 8 nodes from database...
[2026-09-11 15:15:58.155] [error] Errors found during session.

ERROR: Errors found during session.
