Supervisor::Impl::load_plugins: Loaded component: libcubitcomp.ccl from directory: /home/antonov/.bin/CAE-Fidesys-8.1/preprocessor/bin
Supervisor::Impl::load_plugins: Loaded component: libFidesysComp.ccl from directory: /home/antonov/.bin/CAE-Fidesys-8.1/preprocessor/bin

%>import fidesys

%>fidesys.cmd('reset')

Finished Command: reset

True
%>fidesys.silent_cmd('import fidesyscase \'/home/antonov/Base/Libs/FCModel/data/fc_core_tests/Contact3dTet4_DiagonalCut_TiedTangent_Penalty.fc\'')

[2026-09-11 15:14:34.764] [error] Master entity is empty.

ERROR: Master entity is empty.
[2026-09-11 15:14:34.764] [error] Command Failed.

ERROR: Command Failed.
True
%>import cubit

%>import json

%>print("FCMODEL_IMPORT_DONE=" + json.dumps({"errors": cubit.get_error_count(), "nodes": cubit.get_node_count(), "elements": cubit.get_element_count(), "version": cubit.get_version()}))

FCMODEL_IMPORT_DONE={"errors": 2, "nodes": 244, "elements": 826, "version": "2021.11"}
6 Displacement's were deleted.
...deleting 826 tets from database...
...deleting 328 tris and 984 edgeUses from database...
...deleting 492 edges from database...
...deleting 244 nodes from database...
[2026-09-11 15:14:35.264] [error] Errors found during session.

ERROR: Errors found during session.
