Supervisor::Impl::load_plugins: Loaded component: libcubitcomp.ccl from directory: /home/antonov/.bin/CAE-Fidesys-8.1/preprocessor/bin
Supervisor::Impl::load_plugins: Loaded component: libFidesysComp.ccl from directory: /home/antonov/.bin/CAE-Fidesys-8.1/preprocessor/bin

%>import fidesys

%>fidesys.cmd('reset')

Finished Command: reset

True
%>fidesys.silent_cmd('import fidesyscase \'/home/antonov/Base/Libs/FCModel/data/fc_core_tests/Contact3d_ShellHexSo3_Conform_EigenVals_Free.fc\'')

[2026-09-11 15:15:32.391] [error] Master entity is empty.

ERROR: Master entity is empty.
[2026-09-11 15:15:32.391] [error] Command Failed.

ERROR: Command Failed.
[2026-09-11 15:15:32.393] [error] Master entity is empty.

ERROR: Master entity is empty.
[2026-09-11 15:15:32.393] [error] Command Failed.

ERROR: Command Failed.
[2026-09-11 15:15:32.396] [error] Master entity is empty.

ERROR: Master entity is empty.
[2026-09-11 15:15:32.396] [error] Command Failed.

ERROR: Command Failed.
[2026-09-11 15:15:32.398] [error] Master entity is empty.

ERROR: Master entity is empty.
[2026-09-11 15:15:32.398] [error] Command Failed.

ERROR: Command Failed.
True
%>import cubit

%>import json

%>print("FCMODEL_IMPORT_DONE=" + json.dumps({"errors": cubit.get_error_count(), "nodes": cubit.get_node_count(), "elements": cubit.get_element_count(), "version": cubit.get_version()}))

FCMODEL_IMPORT_DONE={"errors": 8, "nodes": 84, "elements": 16, "version": "2021.11"}
1 Displacement was deleted.
...deleting 16 faces from database...
...deleting 48 edges from database...
...deleting 84 nodes from database...
[2026-09-11 15:15:32.449] [error] Errors found during session.

ERROR: Errors found during session.
