Supervisor::Impl::load_plugins: Loaded component: libcubitcomp.ccl from directory: /home/antonov/.bin/CAE-Fidesys-8.1/preprocessor/bin
Supervisor::Impl::load_plugins: Loaded component: libFidesysComp.ccl from directory: /home/antonov/.bin/CAE-Fidesys-8.1/preprocessor/bin

%>import fidesys

%>fidesys.cmd('reset')

Finished Command: reset

True
%>fidesys.silent_cmd('import fidesyscase \'/home/antonov/Base/Libs/FCModel/data/fc_core_tests/Contact3dMixedGeometryS_ShellEdgesFEM_BeamShellSolidSEM_AllAll.fc\'')

WARNING: The distance between nodesets is not accurate.
[2026-09-11 15:13:55.818] [error] Master entity is empty.

ERROR: Master entity is empty.
[2026-09-11 15:13:55.818] [error] Command Failed.

ERROR: Command Failed.
[2026-09-11 15:13:55.820] [error] Master entity is empty.

ERROR: Master entity is empty.
[2026-09-11 15:13:55.820] [error] Command Failed.

ERROR: Command Failed.
WARNING: The distance between nodesets is not accurate.
WARNING: The distance between nodesets is not accurate.
[2026-09-11 15:13:55.835] [error] Invalid element id 1.

ERROR: Invalid element id 1.
True
%>import cubit

%>import json

%>print("FCMODEL_IMPORT_DONE=" + json.dumps({"errors": cubit.get_error_count(), "nodes": cubit.get_node_count(), "elements": cubit.get_element_count(), "version": cubit.get_version()}))

FCMODEL_IMPORT_DONE={"errors": 5, "nodes": 407, "elements": 192, "version": "2021.11"}
6 Temperature's were deleted.
...deleting 8 hexes and 0 faceUses from database...
...deleting 160 faces from database...
...deleting 368 edges from database...
...deleting 407 nodes from database...
[2026-09-11 15:13:55.870] [error] Errors found during session.

ERROR: Errors found during session.
