Supervisor::Impl::load_plugins: Loaded component: libcubitcomp.ccl from directory: /home/antonov/.bin/CAE-Fidesys-8.1/preprocessor/bin
Supervisor::Impl::load_plugins: Loaded component: libFidesysComp.ccl from directory: /home/antonov/.bin/CAE-Fidesys-8.1/preprocessor/bin

%>import fidesys

%>fidesys.cmd('reset')

Finished Command: reset

True
%>fidesys.silent_cmd('import fidesyscase \'/home/antonov/Base/Libs/FCModel/data/fc_core_tests/Contact3d_LinSprings.fc\'')

[2026-09-11 15:15:21.651] [error] Unrecognized Identifier: 'constant_damping'

ERROR: Unrecognized Identifier: 'constant_damping'
[2026-09-11 15:15:21.651] [error] syntax error (<stdin>, line 52)

ERROR: syntax error (<stdin>, line 52)
[2026-09-11 15:15:21.652] [error] There is no such Spring properties.

ERROR: There is no such Spring properties.
[2026-09-11 15:15:21.652] [error] Command Failed.

ERROR: Command Failed.
[2026-09-11 15:15:21.655] [error] Unrecognized Identifier: 'constant_damping'

ERROR: Unrecognized Identifier: 'constant_damping'
[2026-09-11 15:15:21.655] [error] syntax error (<stdin>, line 55)

ERROR: syntax error (<stdin>, line 55)
[2026-09-11 15:15:21.657] [error] There is no such Spring properties.

ERROR: There is no such Spring properties.
[2026-09-11 15:15:21.657] [error] Command Failed.

ERROR: Command Failed.
WARNING: The distance between nodesets is not accurate.
True
%>import cubit

%>import json

%>print("FCMODEL_IMPORT_DONE=" + json.dumps({"errors": cubit.get_error_count(), "nodes": cubit.get_node_count(), "elements": cubit.get_element_count(), "version": cubit.get_version()}))

FCMODEL_IMPORT_DONE={"errors": 8, "nodes": 6, "elements": 4, "version": "2021.11"}
1 Displacement was deleted.
1 Force was deleted.
...deleting 4 edges from database...
...deleting 6 nodes from database...
[2026-09-11 15:15:21.723] [error] Errors found during session.

ERROR: Errors found during session.
