Supervisor::Impl::load_plugins: Loaded component: libcubitcomp.ccl from directory: /home/antonov/.bin/CAE-Fidesys-8.1/preprocessor/bin
Supervisor::Impl::load_plugins: Loaded component: libFidesysComp.ccl from directory: /home/antonov/.bin/CAE-Fidesys-8.1/preprocessor/bin

%>import fidesys

%>fidesys.cmd('reset')

Finished Command: reset

True
%>fidesys.silent_cmd('import fidesyscase \'/home/antonov/Base/Libs/FCModel/data/fc_core_tests/Contact2d_Quad4_LinSpringInCenterHorizontal.fc\'')

[2026-09-11 15:12:42.941] [error] Unrecognized Identifier: 'constant_damping'

ERROR: Unrecognized Identifier: 'constant_damping'
[2026-09-11 15:12:42.942] [error] syntax error (<stdin>, line 63)

ERROR: syntax error (<stdin>, line 63)
[2026-09-11 15:12:42.943] [error] There is no such Spring properties.

ERROR: There is no such Spring properties.
[2026-09-11 15:12:42.943] [error] Command Failed.

ERROR: Command Failed.
[2026-09-11 15:12:42.957] [error] Master entity is empty.

ERROR: Master entity is empty.
[2026-09-11 15:12:42.958] [error] Command Failed.

ERROR: Command Failed.
[2026-09-11 15:12:42.967] [error] Invalid element id 1.

ERROR: Invalid element id 1.
True
%>import cubit

%>import json

%>print("FCMODEL_IMPORT_DONE=" + json.dumps({"errors": cubit.get_error_count(), "nodes": cubit.get_node_count(), "elements": cubit.get_element_count(), "version": cubit.get_version()}))

FCMODEL_IMPORT_DONE={"errors": 7, "nodes": 19, "elements": 9, "version": "2021.11"}
3 Displacement's were deleted.
...deleting 8 faces from database...
...deleting 25 edges from database...
...deleting 19 nodes from database...
[2026-09-11 15:12:43.015] [error] Errors found during session.

ERROR: Errors found during session.
