Supervisor::Impl::load_plugins: Loaded component: libcubitcomp.ccl from directory: /home/antonov/.bin/CAE-Fidesys-8.1/preprocessor/bin
Supervisor::Impl::load_plugins: Loaded component: libFidesysComp.ccl from directory: /home/antonov/.bin/CAE-Fidesys-8.1/preprocessor/bin

%>import fidesys

%>fidesys.cmd('reset')

Finished Command: reset

True
%>fidesys.silent_cmd('import fidesyscase \'/home/antonov/Base/Libs/FCModel/data/fc_core_tests/Contact2dQuad8Frictionless_PL.fc\'')

[2026-09-11 15:11:09.382] [error] Unrecognized Identifier: 'pure_lagrangian'

ERROR: Unrecognized Identifier: 'pure_lagrangian'
[2026-09-11 15:11:09.382] [error] syntax error (<stdin>, line 54)

ERROR: syntax error (<stdin>, line 54)
True
%>import cubit

%>import json

%>print("FCMODEL_IMPORT_DONE=" + json.dumps({"errors": cubit.get_error_count(), "nodes": cubit.get_node_count(), "elements": cubit.get_element_count(), "version": cubit.get_version()}))

FCMODEL_IMPORT_DONE={"errors": 2, "nodes": 16, "elements": 2, "version": "2021.11"}
2 Displacement's were deleted.
1 Pressure was deleted.
...deleting 2 faces from database...
...deleting 8 edges from database...
...deleting 16 nodes from database...
[2026-09-11 15:11:09.438] [error] Errors found during session.

ERROR: Errors found during session.
