Supervisor::Impl::load_plugins: Loaded component: libcubitcomp.ccl from directory: /home/antonov/.bin/CAE-Fidesys-8.1/preprocessor/bin
Supervisor::Impl::load_plugins: Loaded component: libFidesysComp.ccl from directory: /home/antonov/.bin/CAE-Fidesys-8.1/preprocessor/bin

%>import fidesys

%>fidesys.cmd('reset')

Finished Command: reset

True
%>fidesys.silent_cmd('import fidesyscase \'/home/antonov/Base/Libs/FCModel/data/fc_core_tests/Contact3dHex8CGS4_00_2el.fc\'')

[2026-09-11 15:13:11.753] [error] Bad base64_encode('loads[1].apply_to').

ERROR: Bad base64_encode('loads[1].apply_to').
[2026-09-11 15:13:11.753] [error] Command Failed.

ERROR: Command Failed.
True
%>import cubit

%>import json

%>print("FCMODEL_IMPORT_DONE=" + json.dumps({"errors": cubit.get_error_count(), "nodes": cubit.get_node_count(), "elements": cubit.get_element_count(), "version": cubit.get_version()}))

FCMODEL_IMPORT_DONE={"errors": 2, "nodes": 20, "elements": 10, "version": "2021.11"}
...deleting 2 hexes and 0 faceUses from database...
...deleting 12 faces from database...
...deleting 28 edges from database...
...deleting 20 nodes from database...
[2026-09-11 15:13:13.294] [error] Errors found during session.

ERROR: Errors found during session.
