Supervisor::Impl::load_plugins: Loaded component: libcubitcomp.ccl from directory: /home/antonov/.bin/CAE-Fidesys-8.1/preprocessor/bin
Supervisor::Impl::load_plugins: Loaded component: libFidesysComp.ccl from directory: /home/antonov/.bin/CAE-Fidesys-8.1/preprocessor/bin

%>import fidesys

%>fidesys.cmd('reset')

Finished Command: reset

True
%>fidesys.silent_cmd('import fidesyscase \'/home/antonov/Base/Libs/FCModel/data/fc_core_tests/Contactd2d_PriorityS_Tied_Mixed.fc\'')

[2026-09-11 15:16:00.826] [error] Master entity is empty.

ERROR: Master entity is empty.
[2026-09-11 15:16:00.827] [error] Command Failed.

ERROR: Command Failed.
[2026-09-11 15:16:00.828] [error] Master entity is empty.

ERROR: Master entity is empty.
[2026-09-11 15:16:00.828] [error] Command Failed.

ERROR: Command Failed.
[2026-09-11 15:16:00.830] [error] Master entity is empty.

ERROR: Master entity is empty.
[2026-09-11 15:16:00.830] [error] Command Failed.

ERROR: Command Failed.
[2026-09-11 15:16:00.832] [error] Master entity is empty.

ERROR: Master entity is empty.
[2026-09-11 15:16:00.832] [error] Command Failed.

ERROR: Command Failed.
[2026-09-11 15:16:00.834] [error] Master entity is empty.

ERROR: Master entity is empty.
[2026-09-11 15:16:00.834] [error] Command Failed.

ERROR: Command Failed.
True
%>import cubit

%>import json

%>print("FCMODEL_IMPORT_DONE=" + json.dumps({"errors": cubit.get_error_count(), "nodes": cubit.get_node_count(), "elements": cubit.get_element_count(), "version": cubit.get_version()}))

FCMODEL_IMPORT_DONE={"errors": 10, "nodes": 148, "elements": 32, "version": "2021.11"}
2 Displacement's were deleted.
1 Pressure was deleted.
...deleting 32 faces from database...
...deleting 88 edges from database...
...deleting 148 nodes from database...
[2026-09-11 15:16:00.900] [error] Errors found during session.

ERROR: Errors found during session.
