Supervisor::Impl::load_plugins: Loaded component: libcubitcomp.ccl from directory: /home/antonov/.bin/CAE-Fidesys-8.1/preprocessor/bin
Supervisor::Impl::load_plugins: Loaded component: libFidesysComp.ccl from directory: /home/antonov/.bin/CAE-Fidesys-8.1/preprocessor/bin

%>import fidesys

%>fidesys.cmd('reset')

Finished Command: reset

True
%>fidesys.silent_cmd('import fidesyscase \'/home/antonov/Base/Libs/FCModel/data/fc_core_tests/Contact2d_PlastSo3_Mises_PointDisp_bysteps_Tied_MPC.fc\'')

[2026-09-11 15:12:39.731] [error] Master entity is empty.

ERROR: Master entity is empty.
[2026-09-11 15:12:39.731] [error] Command Failed.

ERROR: Command Failed.
[2026-09-11 15:12:39.733] [error] Master entity is empty.

ERROR: Master entity is empty.
[2026-09-11 15:12:39.733] [error] Command Failed.

ERROR: Command Failed.
[2026-09-11 15:12:39.734] [error] Master entity is empty.

ERROR: Master entity is empty.
[2026-09-11 15:12:39.734] [error] Command Failed.

ERROR: Command Failed.
True
%>import cubit

%>import json

%>print("FCMODEL_IMPORT_DONE=" + json.dumps({"errors": cubit.get_error_count(), "nodes": cubit.get_node_count(), "elements": cubit.get_element_count(), "version": cubit.get_version()}))

FCMODEL_IMPORT_DONE={"errors": 6, "nodes": 121, "elements": 37, "version": "2021.11"}
4 Displacement's were deleted.
...deleting 32 tris and 96 edgeUses from database...
...deleting 5 faces from database...
...deleting 77 edges from database...
...deleting 121 nodes from database...
[2026-09-11 15:12:39.784] [error] Errors found during session.

ERROR: Errors found during session.
