Supervisor::Impl::load_plugins: Loaded component: libcubitcomp.ccl from directory: /home/antonov/.bin/CAE-Fidesys-8.1/preprocessor/bin
Supervisor::Impl::load_plugins: Loaded component: libFidesysComp.ccl from directory: /home/antonov/.bin/CAE-Fidesys-8.1/preprocessor/bin

%>import fidesys

%>fidesys.cmd('reset')

Finished Command: reset

True
%>fidesys.silent_cmd('import fidesyscase \'/home/antonov/Base/Libs/FCModel/data/fc_core_tests/Contact2d_TriSo3_LinSpringInCenterVertical_not_conform.fc\'')

[2026-09-11 15:12:55.007] [error] Unrecognized Identifier: 'constant_damping'

ERROR: Unrecognized Identifier: 'constant_damping'
[2026-09-11 15:12:55.007] [error] syntax error (<stdin>, line 63)

ERROR: syntax error (<stdin>, line 63)
[2026-09-11 15:12:55.008] [error] There is no such Spring properties.

ERROR: There is no such Spring properties.
[2026-09-11 15:12:55.008] [error] Command Failed.

ERROR: Command Failed.
[2026-09-11 15:12:55.031] [error] Master entity is empty.

ERROR: Master entity is empty.
[2026-09-11 15:12:55.031] [error] Command Failed.

ERROR: Command Failed.
[2026-09-11 15:12:55.042] [error] Invalid element id 1.

ERROR: Invalid element id 1.
True
%>import cubit

%>import json

%>print("FCMODEL_IMPORT_DONE=" + json.dumps({"errors": cubit.get_error_count(), "nodes": cubit.get_node_count(), "elements": cubit.get_element_count(), "version": cubit.get_version()}))

FCMODEL_IMPORT_DONE={"errors": 7, "nodes": 63, "elements": 23, "version": "2021.11"}
4 Displacement's were deleted.
...deleting 20 tris and 60 edgeUses from database...
...deleting 42 edges from database...
...deleting 63 nodes from database...
[2026-09-11 15:12:55.084] [error] Errors found during session.

ERROR: Errors found during session.
