Supervisor::Impl::load_plugins: Loaded component: libcubitcomp.ccl from directory: /home/antonov/.bin/CAE-Fidesys-8.1/preprocessor/bin
Supervisor::Impl::load_plugins: Loaded component: libFidesysComp.ccl from directory: /home/antonov/.bin/CAE-Fidesys-8.1/preprocessor/bin

%>import fidesys

%>fidesys.cmd('reset')

Finished Command: reset

True
%>fidesys.silent_cmd('import fidesyscase \'/home/antonov/Base/Libs/FCModel/data/fc_core_tests/Contact3d_Mixed2_Sector_Curved_surface_tied_penalty.fc\'')

WARNING: The distance between nodesets is not accurate.
True
%>import cubit

%>import json

%>print("FCMODEL_IMPORT_DONE=" + json.dumps({"errors": cubit.get_error_count(), "nodes": cubit.get_node_count(), "elements": cubit.get_element_count(), "version": cubit.get_version()}))

FCMODEL_IMPORT_DONE={"errors": 0, "nodes": 81007, "elements": 44895, "version": "2021.11"}
2 Displacement's were deleted.
2 Pressure's were deleted.
...deleting 40545 tets from database...
...deleting 5714 tris and 17142 edgeUses from database...
...deleting 4350 hexes and 0 faceUses from database...
...deleting 2410 faces from database...
...deleting 13391 edges from database...
...deleting 81007 nodes from database...
