Supervisor::Impl::load_plugins: Loaded component: libcubitcomp.ccl from directory: /home/antonov/.bin/CAE-Fidesys-8.1/preprocessor/bin
Supervisor::Impl::load_plugins: Loaded component: libFidesysComp.ccl from directory: /home/antonov/.bin/CAE-Fidesys-8.1/preprocessor/bin

%>import fidesys

%>fidesys.cmd('reset')

Finished Command: reset

True
%>fidesys.silent_cmd('import fidesyscase \'/home/antonov/Base/Libs/FCModel/data/fc_core_tests/Contact3dPyrS_Gauss_GLL.fc\'')

WARNING: The distance between nodesets is not accurate.
WARNING: The distance between nodesets is not accurate.
[2026-09-11 15:14:23.969] [error] Master entity is empty.

ERROR: Master entity is empty.
[2026-09-11 15:14:23.969] [error] Command Failed.

ERROR: Command Failed.
WARNING: The distance between nodesets is not accurate.
[2026-09-11 15:14:23.972] [error] Master entity is empty.

ERROR: Master entity is empty.
[2026-09-11 15:14:23.972] [error] Command Failed.

ERROR: Command Failed.
WARNING: The distance between nodesets is not accurate.
True
%>import cubit

%>import json

%>print("FCMODEL_IMPORT_DONE=" + json.dumps({"errors": cubit.get_error_count(), "nodes": cubit.get_node_count(), "elements": cubit.get_element_count(), "version": cubit.get_version()}))

FCMODEL_IMPORT_DONE={"errors": 4, "nodes": 1235, "elements": 590, "version": "2021.11"}
2 Temperature's were deleted.
...deleting 64 pyramids from database...
...deleting 526 tets from database...
...deleting 208 tris and 624 edgeUses from database...
...deleting 64 faces from database...
...deleting 440 edges from database...
...deleting 1235 nodes from database...
[2026-09-11 15:14:24.029] [error] Errors found during session.

ERROR: Errors found during session.
