Supervisor::Impl::load_plugins: Loaded component: libcubitcomp.ccl from directory: /home/antonov/.bin/CAE-Fidesys-8.1/preprocessor/bin
Supervisor::Impl::load_plugins: Loaded component: libFidesysComp.ccl from directory: /home/antonov/.bin/CAE-Fidesys-8.1/preprocessor/bin

%>import fidesys

%>fidesys.cmd('reset')

Finished Command: reset

True
%>fidesys.silent_cmd('import fidesyscase \'/home/antonov/Base/Libs/FCModel/data/fc_core_tests/Contact3d_Sho2_Pie_UnmatchedMeshes.fc\'')

[2026-09-11 15:15:50.731] [error] Master entity is empty.

ERROR: Master entity is empty.
[2026-09-11 15:15:50.731] [error] Command Failed.

ERROR: Command Failed.
[2026-09-11 15:15:50.732] [error] Master entity is empty.

ERROR: Master entity is empty.
[2026-09-11 15:15:50.732] [error] Command Failed.

ERROR: Command Failed.
True
%>import cubit

%>import json

%>print("FCMODEL_IMPORT_DONE=" + json.dumps({"errors": cubit.get_error_count(), "nodes": cubit.get_node_count(), "elements": cubit.get_element_count(), "version": cubit.get_version()}))

FCMODEL_IMPORT_DONE={"errors": 4, "nodes": 1090, "elements": 380, "version": "2021.11"}
1 Displacement was deleted.
1 Pressure was deleted.
...deleting 148 tris and 444 edgeUses from database...
...deleting 232 faces from database...
...deleting 734 edges from database...
...deleting 1090 nodes from database...
[2026-09-11 15:15:50.761] [error] Errors found during session.

ERROR: Errors found during session.
