Supervisor::Impl::load_plugins: Loaded component: libcubitcomp.ccl from directory: /home/antonov/.bin/CAE-Fidesys-8.1/preprocessor/bin
Supervisor::Impl::load_plugins: Loaded component: libFidesysComp.ccl from directory: /home/antonov/.bin/CAE-Fidesys-8.1/preprocessor/bin

%>import fidesys

%>fidesys.cmd('reset')

Finished Command: reset

True
%>fidesys.silent_cmd('import fidesyscase \'/home/antonov/Base/Libs/FCModel/data/fc_core_tests/Contact3dMixed2Cube13CutRigidMove_Homogeneous.fc\'')

WARNING: The distance between nodesets is not accurate.
WARNING: The distance between nodesets is not accurate.
WARNING: The distance between nodesets is not accurate.
WARNING: The distance between nodesets is not accurate.
WARNING: The distance between nodesets is not accurate.
[2026-09-11 15:13:46.527] [error] Master entity is empty.

ERROR: Master entity is empty.
[2026-09-11 15:13:46.527] [error] Command Failed.

ERROR: Command Failed.
WARNING: The distance between nodesets is not accurate.
[2026-09-11 15:13:46.530] [error] Master entity is empty.

ERROR: Master entity is empty.
[2026-09-11 15:13:46.530] [error] Command Failed.

ERROR: Command Failed.
[2026-09-11 15:13:46.532] [error] Master entity is empty.

ERROR: Master entity is empty.
[2026-09-11 15:13:46.532] [error] Command Failed.

ERROR: Command Failed.
[2026-09-11 15:13:46.533] [error] Master entity is empty.

ERROR: Master entity is empty.
[2026-09-11 15:13:46.533] [error] Command Failed.

ERROR: Command Failed.
WARNING: The distance between nodesets is not accurate.
WARNING: The distance between nodesets is not accurate.
WARNING: The distance between nodesets is not accurate.
WARNING: The distance between nodesets is not accurate.
WARNING: The distance between nodesets is not accurate.
WARNING: The distance between nodesets is not accurate.
[2026-09-11 15:13:46.544] [error] Master entity is empty.

ERROR: Master entity is empty.
[2026-09-11 15:13:46.544] [error] Command Failed.

ERROR: Command Failed.
WARNING: The distance between nodesets is not accurate.
WARNING: The distance between nodesets is not accurate.
[2026-09-11 15:13:46.550] [error] Master entity is empty.

ERROR: Master entity is empty.
[2026-09-11 15:13:46.550] [error] Command Failed.

ERROR: Command Failed.
[2026-09-11 15:13:46.551] [error] Master entity is empty.

ERROR: Master entity is empty.
[2026-09-11 15:13:46.551] [error] Command Failed.

ERROR: Command Failed.
WARNING: The distance between nodesets is not accurate.
WARNING: The distance between nodesets is not accurate.
WARNING: The distance between nodesets is not accurate.
[2026-09-11 15:13:46.557] [error] Master entity is empty.

ERROR: Master entity is empty.
[2026-09-11 15:13:46.557] [error] Command Failed.

ERROR: Command Failed.
WARNING: The distance between nodesets is not accurate.
WARNING: The distance between nodesets is not accurate.
True
%>import cubit

%>import json

%>print("FCMODEL_IMPORT_DONE=" + json.dumps({"errors": cubit.get_error_count(), "nodes": cubit.get_node_count(), "elements": cubit.get_element_count(), "version": cubit.get_version()}))

FCMODEL_IMPORT_DONE={"errors": 16, "nodes": 10764, "elements": 5173, "version": "2021.11"}
1 Displacement was deleted.
...deleting 82 pyramids from database...
...deleting 204 wedges from database...
...deleting 4639 tets from database...
...deleting 1712 tris and 5136 edgeUses from database...
...deleting 248 hexes and 0 faceUses from database...
...deleting 570 faces from database...
...deleting 3708 edges from database...
...deleting 10764 nodes from database...
[2026-09-11 15:13:46.635] [error] Errors found during session.

ERROR: Errors found during session.
