Supervisor::Impl::load_plugins: Loaded component: libcubitcomp.ccl from directory: /home/antonov/.bin/CAE-Fidesys-8.1/preprocessor/bin
Supervisor::Impl::load_plugins: Loaded component: libFidesysComp.ccl from directory: /home/antonov/.bin/CAE-Fidesys-8.1/preprocessor/bin

%>import fidesys

%>fidesys.cmd('reset')

Finished Command: reset

True
%>fidesys.silent_cmd('import fidesyscase \'/home/antonov/Base/Libs/FCModel/data/fc_core_tests/Contact2dQuadEigienValsFixed_PL.fc\'')

[2026-09-11 15:11:18.316] [error] Unrecognized Identifier: 'pure_lagrangian'

ERROR: Unrecognized Identifier: 'pure_lagrangian'
[2026-09-11 15:11:18.318] [error] syntax error (<stdin>, line 46)

ERROR: syntax error (<stdin>, line 46)
[2026-09-11 15:11:18.334] [error] Invalid element id 201.

ERROR: Invalid element id 201.
True
%>import cubit

%>import json

%>print("FCMODEL_IMPORT_DONE=" + json.dumps({"errors": cubit.get_error_count(), "nodes": cubit.get_node_count(), "elements": cubit.get_element_count(), "version": cubit.get_version()}))

FCMODEL_IMPORT_DONE={"errors": 3, "nodes": 242, "elements": 200, "version": "2021.11"}
1 Displacement was deleted.
...deleting 200 faces from database...
...deleting 440 edges from database...
...deleting 242 nodes from database...
[2026-09-11 15:11:18.402] [error] Errors found during session.

ERROR: Errors found during session.
