Supervisor::Impl::load_plugins: Loaded component: libcubitcomp.ccl from directory: /home/antonov/.bin/CAE-Fidesys-8.1/preprocessor/bin
Supervisor::Impl::load_plugins: Loaded component: libFidesysComp.ccl from directory: /home/antonov/.bin/CAE-Fidesys-8.1/preprocessor/bin

%>import fidesys

%>fidesys.cmd('reset')

Finished Command: reset

True
%>fidesys.silent_cmd('import fidesyscase \'/home/antonov/Base/Libs/FCModel/data/fc_core_tests/Contact3dHex8IgnoreInitialGap.fc\'')

[2026-09-11 15:13:17.627] [error] Property cannot be added to material 1 due to it's prerequisites and conflicts.

ERROR: Property cannot be added to material 1 due to it's prerequisites and conflicts.
[2026-09-11 15:13:17.628] [error] Command Failed.

ERROR: Command Failed.
WARNING: The distance between nodesets is not accurate.
True
%>import cubit

%>import json

%>print("FCMODEL_IMPORT_DONE=" + json.dumps({"errors": cubit.get_error_count(), "nodes": cubit.get_node_count(), "elements": cubit.get_element_count(), "version": cubit.get_version()}))

FCMODEL_IMPORT_DONE={"errors": 2, "nodes": 100, "elements": 32, "version": "2021.11"}
3 Displacement's were deleted.
...deleting 32 hexes and 0 faceUses from database...
...deleting 96 faces from database...
...deleting 192 edges from database...
...deleting 100 nodes from database...
[2026-09-11 15:13:17.718] [error] Errors found during session.

ERROR: Errors found during session.
