Supervisor::Impl::load_plugins: Loaded component: libcubitcomp.ccl from directory: /home/antonov/.bin/CAE-Fidesys-8.1/preprocessor/bin
Supervisor::Impl::load_plugins: Loaded component: libFidesysComp.ccl from directory: /home/antonov/.bin/CAE-Fidesys-8.1/preprocessor/bin

%>import fidesys

%>fidesys.cmd('reset')

Finished Command: reset

True
%>fidesys.silent_cmd('import fidesyscase \'/home/antonov/Base/Libs/FCModel/data/fc_core_tests/Contact3d_ShellSo3_CombinSpringInCenterVertical.fc\'')

[2026-09-11 15:15:39.385] [error] Master entity is empty.

ERROR: Master entity is empty.
[2026-09-11 15:15:39.385] [error] Command Failed.

ERROR: Command Failed.
[2026-09-11 15:15:39.396] [error] Invalid element id 1.

ERROR: Invalid element id 1.
True
%>import cubit

%>import json

%>print("FCMODEL_IMPORT_DONE=" + json.dumps({"errors": cubit.get_error_count(), "nodes": cubit.get_node_count(), "elements": cubit.get_element_count(), "version": cubit.get_version()}))

FCMODEL_IMPORT_DONE={"errors": 3, "nodes": 45, "elements": 11, "version": "2021.11"}
2 Displacement's were deleted.
...deleting 8 faces from database...
...deleting 27 edges from database...
...deleting 45 nodes from database...
[2026-09-11 15:15:39.434] [error] Errors found during session.

ERROR: Errors found during session.
