Supervisor::Impl::load_plugins: Loaded component: libcubitcomp.ccl from directory: /home/antonov/.bin/CAE-Fidesys-8.1/preprocessor/bin
Supervisor::Impl::load_plugins: Loaded component: libFidesysComp.ccl from directory: /home/antonov/.bin/CAE-Fidesys-8.1/preprocessor/bin

%>import fidesys

%>fidesys.cmd('reset')

Finished Command: reset

True
%>fidesys.silent_cmd('import fidesyscase \'/home/antonov/Base/Libs/FCModel/data/fc_core_tests/Contact2dQuadS_Tied_MPC.fc\'')

[2026-09-11 15:11:55.333] [error] Master entity is empty.

ERROR: Master entity is empty.
[2026-09-11 15:11:55.333] [error] Command Failed.

ERROR: Command Failed.
[2026-09-11 15:11:55.335] [error] Master entity is empty.

ERROR: Master entity is empty.
[2026-09-11 15:11:55.335] [error] Command Failed.

ERROR: Command Failed.
[2026-09-11 15:11:55.337] [error] Master entity is empty.

ERROR: Master entity is empty.
[2026-09-11 15:11:55.337] [error] Command Failed.

ERROR: Command Failed.
[2026-09-11 15:11:55.339] [error] Master entity is empty.

ERROR: Master entity is empty.
[2026-09-11 15:11:55.339] [error] Command Failed.

ERROR: Command Failed.
True
%>import cubit

%>import json

%>print("FCMODEL_IMPORT_DONE=" + json.dumps({"errors": cubit.get_error_count(), "nodes": cubit.get_node_count(), "elements": cubit.get_element_count(), "version": cubit.get_version()}))

FCMODEL_IMPORT_DONE={"errors": 8, "nodes": 105, "elements": 20, "version": "2021.11"}
2 Temperature's were deleted.
...deleting 20 faces from database...
...deleting 60 edges from database...
...deleting 105 nodes from database...
[2026-09-11 15:11:55.381] [error] Errors found during session.

ERROR: Errors found during session.
