Supervisor::Impl::load_plugins: Loaded component: libcubitcomp.ccl from directory: /home/antonov/.bin/CAE-Fidesys-8.1/preprocessor/bin
Supervisor::Impl::load_plugins: Loaded component: libFidesysComp.ccl from directory: /home/antonov/.bin/CAE-Fidesys-8.1/preprocessor/bin

%>import fidesys

%>fidesys.cmd('reset')

Finished Command: reset

True
%>fidesys.silent_cmd('import fidesyscase \'/home/antonov/Base/Libs/FCModel/data/fc_core_tests/Contact2d_DI_Mixed_NotConform_TiedMPC.fc\'')

[2026-09-11 15:12:22.380] [error] Master entity is empty.

ERROR: Master entity is empty.
[2026-09-11 15:12:22.380] [error] Command Failed.

ERROR: Command Failed.
[2026-09-11 15:12:22.382] [error] Master entity is empty.

ERROR: Master entity is empty.
[2026-09-11 15:12:22.382] [error] Command Failed.

ERROR: Command Failed.
[2026-09-11 15:12:22.383] [error] Master entity is empty.

ERROR: Master entity is empty.
[2026-09-11 15:12:22.383] [error] Command Failed.

ERROR: Command Failed.
True
%>import cubit

%>import json

%>print("FCMODEL_IMPORT_DONE=" + json.dumps({"errors": cubit.get_error_count(), "nodes": cubit.get_node_count(), "elements": cubit.get_element_count(), "version": cubit.get_version()}))

FCMODEL_IMPORT_DONE={"errors": 6, "nodes": 856, "elements": 300, "version": "2021.11"}
4 Displacement's were deleted.
...deleting 172 tris and 516 edgeUses from database...
...deleting 128 faces from database...
...deleting 576 edges from database...
...deleting 856 nodes from database...
[2026-09-11 15:12:22.462] [error] Errors found during session.

ERROR: Errors found during session.
