Supervisor::Impl::load_plugins: Loaded component: libcubitcomp.ccl from directory: /home/antonov/.bin/CAE-Fidesys-8.1/preprocessor/bin
Supervisor::Impl::load_plugins: Loaded component: libFidesysComp.ccl from directory: /home/antonov/.bin/CAE-Fidesys-8.1/preprocessor/bin

%>import fidesys

%>fidesys.cmd('reset')

Finished Command: reset

True
%>fidesys.silent_cmd('import fidesyscase \'/home/antonov/Base/Libs/FCModel/data/fc_core_tests/Contact3d_TetHexSo3_LinSpringAlongEdgeHorizontal_not_conform.fc\'')

WARNING: Edges or nodes are not equivalent after node order correction.
[2026-09-11 15:15:55.412] [error] Unrecognized Identifier: 'constant_damping'

ERROR: Unrecognized Identifier: 'constant_damping'
[2026-09-11 15:15:55.412] [error] syntax error (<stdin>, line 63)

ERROR: syntax error (<stdin>, line 63)
[2026-09-11 15:15:55.413] [error] There is no such Spring properties.

ERROR: There is no such Spring properties.
[2026-09-11 15:15:55.413] [error] Command Failed.

ERROR: Command Failed.
WARNING: The distance between nodesets is not accurate.
[2026-09-11 15:15:55.436] [error] Invalid element id 1.

ERROR: Invalid element id 1.
True
%>import cubit

%>import json

%>print("FCMODEL_IMPORT_DONE=" + json.dumps({"errors": cubit.get_error_count(), "nodes": cubit.get_node_count(), "elements": cubit.get_element_count(), "version": cubit.get_version()}))

FCMODEL_IMPORT_DONE={"errors": 5, "nodes": 338, "elements": 132, "version": "2021.11"}
3 Displacement's were deleted.
...deleting 122 tets from database...
...deleting 76 tris and 228 edgeUses from database...
...deleting 8 hexes and 0 faceUses from database...
...deleting 26 faces from database...
...deleting 164 edges from database...
...deleting 338 nodes from database...
[2026-09-11 15:15:55.478] [error] Errors found during session.

ERROR: Errors found during session.
