Supervisor::Impl::load_plugins: Loaded component: libcubitcomp.ccl from directory: /home/antonov/.bin/CAE-Fidesys-8.1/preprocessor/bin
Supervisor::Impl::load_plugins: Loaded component: libFidesysComp.ccl from directory: /home/antonov/.bin/CAE-Fidesys-8.1/preprocessor/bin

%>import fidesys

%>fidesys.cmd('reset')

Finished Command: reset

True
%>fidesys.silent_cmd('import fidesyscase \'/home/antonov/Base/Libs/FCModel/data/fc_core_tests/Contact2dTriFriction01_AL.fc\'')

[2026-09-11 15:12:13.091] [error] Property cannot be added to material 101 due to it's prerequisites and conflicts.

ERROR: Property cannot be added to material 101 due to it's prerequisites and conflicts.
[2026-09-11 15:12:13.091] [error] Command Failed.

ERROR: Command Failed.
[2026-09-11 15:12:13.129] [error] Property cannot be added to material 106 due to it's prerequisites and conflicts.

ERROR: Property cannot be added to material 106 due to it's prerequisites and conflicts.
[2026-09-11 15:12:13.129] [error] Command Failed.

ERROR: Command Failed.
[2026-09-11 15:12:13.159] [error] Unrecognized Identifier: 'aug_lagrangian'

ERROR: Unrecognized Identifier: 'aug_lagrangian'
[2026-09-11 15:12:13.159] [error] syntax error (<stdin>, line 95)

ERROR: syntax error (<stdin>, line 95)
True
%>import cubit

%>import json

%>print("FCMODEL_IMPORT_DONE=" + json.dumps({"errors": cubit.get_error_count(), "nodes": cubit.get_node_count(), "elements": cubit.get_element_count(), "version": cubit.get_version()}))

FCMODEL_IMPORT_DONE={"errors": 6, "nodes": 8, "elements": 4, "version": "2021.11"}
4 Displacement's were deleted.
...deleting 4 tris and 12 edgeUses from database...
...deleting 10 edges from database...
...deleting 8 nodes from database...
[2026-09-11 15:12:13.209] [error] Errors found during session.

ERROR: Errors found during session.
