Supervisor::Impl::load_plugins: Loaded component: libcubitcomp.ccl from directory: /home/antonov/.bin/CAE-Fidesys-8.1/preprocessor/bin
Supervisor::Impl::load_plugins: Loaded component: libFidesysComp.ccl from directory: /home/antonov/.bin/CAE-Fidesys-8.1/preprocessor/bin

%>import fidesys

%>fidesys.cmd('reset')

Finished Command: reset

True
%>fidesys.silent_cmd('import fidesyscase \'/home/antonov/Base/Libs/FCModel/data/fc_core_tests/Contact3dBeamEdges_Tied_Bending.fc\'')

[2026-09-11 15:13:01.646] [error] Master entity is empty.

ERROR: Master entity is empty.
[2026-09-11 15:13:01.646] [error] Command Failed.

ERROR: Command Failed.
True
%>import cubit

%>import json

%>print("FCMODEL_IMPORT_DONE=" + json.dumps({"errors": cubit.get_error_count(), "nodes": cubit.get_node_count(), "elements": cubit.get_element_count(), "version": cubit.get_version()}))

FCMODEL_IMPORT_DONE={"errors": 2, "nodes": 34, "elements": 32, "version": "2021.11"}
1 Displacement was deleted.
1 Force was deleted.
...deleting 32 edges from database...
...deleting 34 nodes from database...
[2026-09-11 15:13:01.695] [error] Errors found during session.

ERROR: Errors found during session.
