Supervisor::Impl::load_plugins: Loaded component: libcubitcomp.ccl from directory: /home/antonov/.bin/CAE-Fidesys-8.1/preprocessor/bin
Supervisor::Impl::load_plugins: Loaded component: libFidesysComp.ccl from directory: /home/antonov/.bin/CAE-Fidesys-8.1/preprocessor/bin

%>import fidesys

%>fidesys.cmd('reset')

Finished Command: reset

True
%>fidesys.silent_cmd('import fidesyscase \'/home/antonov/Base/Libs/FCModel/data/fc_core_tests/Contact3dTetHexS_Pore_Residual_General_Penalty.fc\'')

[2026-09-11 15:14:39.448] [error] Invalid value specified.
       Type 'modify?' for help.

ERROR: Invalid value specified.
       Type 'modify?' for help.
[2026-09-11 15:14:39.452] [error] Invalid value specified.
       Type 'modify?' for help.

ERROR: Invalid value specified.
       Type 'modify?' for help.
WARNING: The distance between nodesets is not accurate.
True
%>import cubit

%>import json

%>print("FCMODEL_IMPORT_DONE=" + json.dumps({"errors": cubit.get_error_count(), "nodes": cubit.get_node_count(), "elements": cubit.get_element_count(), "version": cubit.get_version()}))

FCMODEL_IMPORT_DONE={"errors": 2, "nodes": 701, "elements": 199, "version": "2021.11"}
1 Displacement was deleted.
...deleting 135 tets from database...
...deleting 84 tris and 252 edgeUses from database...
...deleting 64 hexes and 0 faceUses from database...
...deleting 96 faces from database...
...deleting 318 edges from database...
...deleting 701 nodes from database...
[2026-09-11 15:14:39.494] [error] Errors found during session.

ERROR: Errors found during session.
