Supervisor::Impl::load_plugins: Loaded component: libcubitcomp.ccl from directory: /home/antonov/.bin/CAE-Fidesys-8.1/preprocessor/bin
Supervisor::Impl::load_plugins: Loaded component: libFidesysComp.ccl from directory: /home/antonov/.bin/CAE-Fidesys-8.1/preprocessor/bin

%>import fidesys

%>fidesys.cmd('reset')

Finished Command: reset

True
%>fidesys.silent_cmd('import fidesyscase \'/home/antonov/Base/Libs/FCModel/data/fc_core_tests/Contact3d_PlastSo3_Mises_PointDisp_bysteps_Tied_MPC_Gaps.fc\'')

WARNING: The distance between nodesets is not accurate.
WARNING: The distance between nodesets is not accurate.
WARNING: The distance between nodesets is not accurate.
WARNING: The distance between nodesets is not accurate.
WARNING: The distance between nodesets is not accurate.
WARNING: The distance between nodesets is not accurate.
WARNING: The distance between nodesets is not accurate.
WARNING: The distance between nodesets is not accurate.
True
%>import cubit

%>import json

%>print("FCMODEL_IMPORT_DONE=" + json.dumps({"errors": cubit.get_error_count(), "nodes": cubit.get_node_count(), "elements": cubit.get_element_count(), "version": cubit.get_version()}))

FCMODEL_IMPORT_DONE={"errors": 0, "nodes": 345, "elements": 32, "version": "2021.11"}
6 Displacement's were deleted.
...deleting 32 hexes and 0 faceUses from database...
...deleting 104 faces from database...
...deleting 208 edges from database...
...deleting 345 nodes from database...
