Supervisor::Impl::load_plugins: Loaded component: libcubitcomp.ccl from directory: /home/antonov/.bin/CAE-Fidesys-8.1/preprocessor/bin
Supervisor::Impl::load_plugins: Loaded component: libFidesysComp.ccl from directory: /home/antonov/.bin/CAE-Fidesys-8.1/preprocessor/bin

%>import fidesys

%>fidesys.cmd('reset')

Finished Command: reset

True
%>fidesys.silent_cmd('import fidesyscase \'/home/antonov/Base/Libs/FCModel/data/fc_core_tests/Contact2d_ps_PlastSo3_Mises_PointDisp_bysteps_Tied_MPC_Gaps.fc\'')

[2026-09-11 15:12:56.863] [error] Master entity is empty.

ERROR: Master entity is empty.
[2026-09-11 15:12:56.864] [error] Command Failed.

ERROR: Command Failed.
[2026-09-11 15:12:56.865] [error] Master entity is empty.

ERROR: Master entity is empty.
[2026-09-11 15:12:56.865] [error] Command Failed.

ERROR: Command Failed.
[2026-09-11 15:12:56.866] [error] Master entity is empty.

ERROR: Master entity is empty.
[2026-09-11 15:12:56.866] [error] Command Failed.

ERROR: Command Failed.
[2026-09-11 15:12:56.867] [error] Master entity is empty.

ERROR: Master entity is empty.
[2026-09-11 15:12:56.867] [error] Command Failed.

ERROR: Command Failed.
True
%>import cubit

%>import json

%>print("FCMODEL_IMPORT_DONE=" + json.dumps({"errors": cubit.get_error_count(), "nodes": cubit.get_node_count(), "elements": cubit.get_element_count(), "version": cubit.get_version()}))

FCMODEL_IMPORT_DONE={"errors": 8, "nodes": 160, "elements": 46, "version": "2021.11"}
4 Displacement's were deleted.
...deleting 30 tris and 90 edgeUses from database...
...deleting 16 faces from database...
...deleting 101 edges from database...
...deleting 160 nodes from database...
[2026-09-11 15:12:56.916] [error] Errors found during session.

ERROR: Errors found during session.
