Supervisor::Impl::load_plugins: Loaded component: libcubitcomp.ccl from directory: /home/antonov/.bin/CAE-Fidesys-8.1/preprocessor/bin
Supervisor::Impl::load_plugins: Loaded component: libFidesysComp.ccl from directory: /home/antonov/.bin/CAE-Fidesys-8.1/preprocessor/bin

%>import fidesys

%>fidesys.cmd('reset')

Finished Command: reset

True
%>fidesys.silent_cmd('import fidesyscase \'/home/antonov/Base/Libs/FCModel/data/fc_core_tests/Contact2d_QuadSo3_LumpMass.fc\'')

WARNING: The distance between nodesets is not accurate.
[2026-09-11 15:12:48.680] [error] Master entity is empty.

ERROR: Master entity is empty.
[2026-09-11 15:12:48.680] [error] Command Failed.

ERROR: Command Failed.
WARNING: The distance between nodesets is not accurate.
[2026-09-11 15:12:48.683] [error] Master entity is empty.

ERROR: Master entity is empty.
[2026-09-11 15:12:48.683] [error] Command Failed.

ERROR: Command Failed.
[2026-09-11 15:12:48.692] [error] Invalid element id 23.

ERROR: Invalid element id 23.
True
%>import cubit

%>import json

%>print("FCMODEL_IMPORT_DONE=" + json.dumps({"errors": cubit.get_error_count(), "nodes": cubit.get_node_count(), "elements": cubit.get_element_count(), "version": cubit.get_version()}))

FCMODEL_IMPORT_DONE={"errors": 5, "nodes": 117, "elements": 27, "version": "2021.11"}
1 Displacement was deleted.
1 Force was deleted.
...deleting 22 faces from database...
...deleting 65 edges from database...
...deleting 117 nodes from database...
[2026-09-11 15:12:48.912] [error] Errors found during session.

ERROR: Errors found during session.
