Supervisor::Impl::load_plugins: Loaded component: libcubitcomp.ccl from directory: /home/antonov/.bin/CAE-Fidesys-8.1/preprocessor/bin
Supervisor::Impl::load_plugins: Loaded component: libFidesysComp.ccl from directory: /home/antonov/.bin/CAE-Fidesys-8.1/preprocessor/bin

%>import fidesys

%>fidesys.cmd('reset')

Finished Command: reset

True
%>fidesys.silent_cmd('import fidesyscase \'/home/antonov/Base/Libs/FCModel/data/fc_core_tests/Contact3dMixed2BriksWithGapCompressionHomogeneous_var2.fc\'')

WARNING: The distance between nodesets is not accurate.
True
%>import cubit

%>import json

%>print("FCMODEL_IMPORT_DONE=" + json.dumps({"errors": cubit.get_error_count(), "nodes": cubit.get_node_count(), "elements": cubit.get_element_count(), "version": cubit.get_version()}))

FCMODEL_IMPORT_DONE={"errors": 0, "nodes": 16869, "elements": 10497, "version": "2021.11"}
3 Displacement's were deleted.
1 Pressure was deleted.
...deleting 169 pyramids from database...
...deleting 10004 tets from database...
...deleting 1068 tris and 3204 edgeUses from database...
...deleting 324 hexes and 0 faceUses from database...
...deleting 475 faces from database...
...deleting 2552 edges from database...
...deleting 16869 nodes from database...
