Supervisor::Impl::load_plugins: Loaded component: libcubitcomp.ccl from directory: /home/antonov/.bin/CAE-Fidesys-8.1/preprocessor/bin
Supervisor::Impl::load_plugins: Loaded component: libFidesysComp.ccl from directory: /home/antonov/.bin/CAE-Fidesys-8.1/preprocessor/bin

%>import fidesys

%>fidesys.cmd('reset')

Finished Command: reset

True
%>fidesys.silent_cmd('import fidesyscase \'/home/antonov/Base/Libs/FCModel/data/fc_core_tests/Contact3d_ShellSo3_CombinSpringAlongContact_Bending_not_conform.fc\'')

WARNING: 3 elements were already in some previous block.
WARNING: Block 3 will not contain these elements
WARNING: Duplicates are contained in group import_duplicates_from_block_3
WARNING: Edges or nodes are not equivalent after node order correction.
WARNING: Edges or nodes are not equivalent after node order correction.
[2026-09-11 15:15:37.755] [error] Master entity is empty.

ERROR: Master entity is empty.
[2026-09-11 15:15:37.755] [error] Command Failed.

ERROR: Command Failed.
WARNING: The distance between nodesets is not accurate.
[2026-09-11 15:15:37.764] [error] Invalid element id 1.

ERROR: Invalid element id 1.
True
%>import cubit

%>import json

%>print("FCMODEL_IMPORT_DONE=" + json.dumps({"errors": cubit.get_error_count(), "nodes": cubit.get_node_count(), "elements": cubit.get_element_count(), "version": cubit.get_version()}))

FCMODEL_IMPORT_DONE={"errors": 3, "nodes": 53, "elements": 18, "version": "2021.11"}
1 Displacement was deleted.
...deleting 11 tris and 33 edgeUses from database...
...deleting 4 faces from database...
...deleting 36 edges from database...
...deleting 53 nodes from database...
[2026-09-11 15:15:37.811] [error] Errors found during session.

ERROR: Errors found during session.
