Supervisor::Impl::load_plugins: Loaded component: libcubitcomp.ccl from directory: /home/antonov/.bin/CAE-Fidesys-8.1/preprocessor/bin
Supervisor::Impl::load_plugins: Loaded component: libFidesysComp.ccl from directory: /home/antonov/.bin/CAE-Fidesys-8.1/preprocessor/bin

%>import fidesys

%>fidesys.cmd('reset')

Finished Command: reset

True
%>fidesys.silent_cmd('import fidesyscase \'/home/antonov/Base/Libs/FCModel/data/fc_core_tests/Contact3d_Plast_Mises_PointDisp_bysteps_Tied_MPC.fc\'')

True
%>import cubit

%>import json

%>print("FCMODEL_IMPORT_DONE=" + json.dumps({"errors": cubit.get_error_count(), "nodes": cubit.get_node_count(), "elements": cubit.get_element_count(), "version": cubit.get_version()}))

FCMODEL_IMPORT_DONE={"errors": 0, "nodes": 393, "elements": 117, "version": "2021.11"}
6 Displacement's were deleted.
...deleting 1 pyramids from database...
...deleting 16 wedges from database...
...deleting 98 tets from database...
...deleting 110 tris and 330 edgeUses from database...
...deleting 2 hexes and 0 faceUses from database...
...deleting 31 faces from database...
...deleting 227 edges from database...
...deleting 393 nodes from database...
