Supervisor::Impl::load_plugins: Loaded component: libcubitcomp.ccl from directory: /home/antonov/.bin/CAE-Fidesys-8.1/preprocessor/bin
Supervisor::Impl::load_plugins: Loaded component: libFidesysComp.ccl from directory: /home/antonov/.bin/CAE-Fidesys-8.1/preprocessor/bin

%>import fidesys

%>fidesys.cmd('reset')

Finished Command: reset

True
%>fidesys.silent_cmd('import fidesyscase \'/home/antonov/Base/Libs/FCModel/data/fc_core_tests/Contact2dQuad2QuadCurveCutRigidMove_Homogeneous.fc\'')

[2026-09-11 15:10:37.305] [error] Master entity is empty.

ERROR: Master entity is empty.
[2026-09-11 15:10:37.305] [error] Command Failed.

ERROR: Command Failed.
[2026-09-11 15:10:37.306] [error] Master entity is empty.

ERROR: Master entity is empty.
[2026-09-11 15:10:37.306] [error] Command Failed.

ERROR: Command Failed.
[2026-09-11 15:10:37.307] [error] Master entity is empty.

ERROR: Master entity is empty.
[2026-09-11 15:10:37.308] [error] Command Failed.

ERROR: Command Failed.
[2026-09-11 15:10:37.309] [error] Master entity is empty.

ERROR: Master entity is empty.
[2026-09-11 15:10:37.309] [error] Command Failed.

ERROR: Command Failed.
True
%>import cubit

%>import json

%>print("FCMODEL_IMPORT_DONE=" + json.dumps({"errors": cubit.get_error_count(), "nodes": cubit.get_node_count(), "elements": cubit.get_element_count(), "version": cubit.get_version()}))

FCMODEL_IMPORT_DONE={"errors": 8, "nodes": 1420, "elements": 416, "version": "2021.11"}
1 Displacement was deleted.
...deleting 416 faces from database...
...deleting 916 edges from database...
...deleting 1420 nodes from database...
[2026-09-11 15:10:37.334] [error] Errors found during session.

ERROR: Errors found during session.
