Supervisor::Impl::load_plugins: Loaded component: libcubitcomp.ccl from directory: /home/antonov/.bin/CAE-Fidesys-8.1/preprocessor/bin
Supervisor::Impl::load_plugins: Loaded component: libFidesysComp.ccl from directory: /home/antonov/.bin/CAE-Fidesys-8.1/preprocessor/bin

%>import fidesys

%>fidesys.cmd('reset')

Finished Command: reset

True
%>fidesys.silent_cmd('import fidesyscase \'/home/antonov/Base/Libs/FCModel/data/fc_core_tests/Contact2dQuad4_CGS2_Frictionless_PL.fc\'')

[2026-09-11 15:11:00.511] [error] Property cannot be added to material 101 due to it's prerequisites and conflicts.

ERROR: Property cannot be added to material 101 due to it's prerequisites and conflicts.
[2026-09-11 15:11:00.511] [error] Command Failed.

ERROR: Command Failed.
[2026-09-11 15:11:00.554] [error] Unrecognized Identifier: 'pure_lagrangian'

ERROR: Unrecognized Identifier: 'pure_lagrangian'
[2026-09-11 15:11:00.554] [error] syntax error (<stdin>, line 63)

ERROR: syntax error (<stdin>, line 63)
True
%>import cubit

%>import json

%>print("FCMODEL_IMPORT_DONE=" + json.dumps({"errors": cubit.get_error_count(), "nodes": cubit.get_node_count(), "elements": cubit.get_element_count(), "version": cubit.get_version()}))

FCMODEL_IMPORT_DONE={"errors": 4, "nodes": 168, "elements": 132, "version": "2021.11"}
5 Displacement's were deleted.
...deleting 132 faces from database...
...deleting 298 edges from database...
...deleting 168 nodes from database...
[2026-09-11 15:11:00.598] [error] Errors found during session.

ERROR: Errors found during session.
