Supervisor::Impl::load_plugins: Loaded component: libcubitcomp.ccl from directory: /home/antonov/.bin/CAE-Fidesys-8.1/preprocessor/bin
Supervisor::Impl::load_plugins: Loaded component: libFidesysComp.ccl from directory: /home/antonov/.bin/CAE-Fidesys-8.1/preprocessor/bin

%>import fidesys

%>fidesys.cmd('reset')

Finished Command: reset

True
%>fidesys.silent_cmd('import fidesyscase \'/home/antonov/Base/Libs/FCModel/data/fc_core_tests/Contact3dMixed2BriksAllAll_Gap_Bending.fc\'')

WARNING: The distance between nodesets is not accurate.
True
%>import cubit

%>import json

%>print("FCMODEL_IMPORT_DONE=" + json.dumps({"errors": cubit.get_error_count(), "nodes": cubit.get_node_count(), "elements": cubit.get_element_count(), "version": cubit.get_version()}))

FCMODEL_IMPORT_DONE={"errors": 0, "nodes": 5454, "elements": 2874, "version": "2021.11"}
2 Displacement's were deleted.
...deleting 32 pyramids from database...
...deleting 512 wedges from database...
...deleting 2330 tets from database...
...deleting 592 tris and 1776 edgeUses from database...
...deleting 224 faces from database...
...deleting 1336 edges from database...
...deleting 5454 nodes from database...
