Supervisor::Impl::load_plugins: Loaded component: libcubitcomp.ccl from directory: /home/antonov/.bin/CAE-Fidesys-8.1/preprocessor/bin
Supervisor::Impl::load_plugins: Loaded component: libFidesysComp.ccl from directory: /home/antonov/.bin/CAE-Fidesys-8.1/preprocessor/bin

%>import fidesys

%>fidesys.cmd('reset')

Finished Command: reset

True
%>fidesys.silent_cmd('import fidesyscase \'/home/antonov/Base/Libs/FCModel/data/fc_core_tests/Contact2dQuad4CGS4_01_2el_PL.fc\'')

[2026-09-11 15:10:39.432] [error] Unrecognized Identifier: 'linear_damping'

ERROR: Unrecognized Identifier: 'linear_damping'
[2026-09-11 15:10:39.432] [error] syntax error (<stdin>, line 54)

ERROR: syntax error (<stdin>, line 54)
[2026-09-11 15:10:39.434] [error] There is no such Spring properties.

ERROR: There is no such Spring properties.
[2026-09-11 15:10:39.434] [error] Command Failed.

ERROR: Command Failed.
[2026-09-11 15:10:39.455] [error] Unrecognized Identifier: 'pure_lagrangian'

ERROR: Unrecognized Identifier: 'pure_lagrangian'
[2026-09-11 15:10:39.455] [error] syntax error (<stdin>, line 73)

ERROR: syntax error (<stdin>, line 73)
[2026-09-11 15:10:39.463] [error] Invalid element id 3.

ERROR: Invalid element id 3.
True
%>import cubit

%>import json

%>print("FCMODEL_IMPORT_DONE=" + json.dumps({"errors": cubit.get_error_count(), "nodes": cubit.get_node_count(), "elements": cubit.get_element_count(), "version": cubit.get_version()}))

FCMODEL_IMPORT_DONE={"errors": 7, "nodes": 10, "elements": 4, "version": "2021.11"}
2 Displacement's were deleted.
...deleting 2 faces from database...
...deleting 10 edges from database...
...deleting 10 nodes from database...
[2026-09-11 15:10:39.481] [error] Errors found during session.

ERROR: Errors found during session.
