Supervisor::Impl::load_plugins: Loaded component: libcubitcomp.ccl from directory: /home/antonov/.bin/CAE-Fidesys-8.1/preprocessor/bin
Supervisor::Impl::load_plugins: Loaded component: libFidesysComp.ccl from directory: /home/antonov/.bin/CAE-Fidesys-8.1/preprocessor/bin

%>import fidesys

%>fidesys.cmd('reset')

Finished Command: reset

True
%>fidesys.silent_cmd('import fidesyscase \'/home/antonov/Base/Libs/FCModel/data/fc_core_tests/Contact3dMixed2CylindrRigidMove_Homogeneous.fc\'')

WARNING: The distance between nodesets is not accurate.
[2026-09-11 15:13:47.967] [error] Invalid element id 55.

ERROR: Invalid element id 55.
True
%>import cubit

%>import json

%>print("FCMODEL_IMPORT_DONE=" + json.dumps({"errors": cubit.get_error_count(), "nodes": cubit.get_node_count(), "elements": cubit.get_element_count(), "version": cubit.get_version()}))

FCMODEL_IMPORT_DONE={"errors": 1, "nodes": 208, "elements": 54, "version": "2021.11"}
3 Displacement's were deleted.
...deleting 48 tets from database...
...deleting 58 tris and 174 edgeUses from database...
...deleting 6 hexes and 0 faceUses from database...
...deleting 22 faces from database...
...deleting 131 edges from database...
...deleting 208 nodes from database...
[2026-09-11 15:13:48.012] [error] Errors found during session.

ERROR: Errors found during session.
