Supervisor::Impl::load_plugins: Loaded component: libcubitcomp.ccl from directory: /home/antonov/.bin/CAE-Fidesys-8.1/preprocessor/bin
Supervisor::Impl::load_plugins: Loaded component: libFidesysComp.ccl from directory: /home/antonov/.bin/CAE-Fidesys-8.1/preprocessor/bin

%>import fidesys

%>fidesys.cmd('reset')

Finished Command: reset

True
%>fidesys.silent_cmd('import fidesyscase \'/home/antonov/Base/Libs/FCModel/data/fc_core_tests/Contact3d_Springs_LumpMass.fc\'')

[2026-09-11 15:15:53.002] [error] Unrecognized Identifier: 'constant_damping'

ERROR: Unrecognized Identifier: 'constant_damping'
[2026-09-11 15:15:53.002] [error] syntax error (<stdin>, line 144)

ERROR: syntax error (<stdin>, line 144)
[2026-09-11 15:15:53.004] [error] There is no such Spring properties.

ERROR: There is no such Spring properties.
[2026-09-11 15:15:53.004] [error] Command Failed.

ERROR: Command Failed.
[2026-09-11 15:15:53.006] [error] There is no such Spring properties.

ERROR: There is no such Spring properties.
[2026-09-11 15:15:53.006] [error] Command Failed.

ERROR: Command Failed.
[2026-09-11 15:15:53.009] [error] There is no such Spring properties.

ERROR: There is no such Spring properties.
[2026-09-11 15:15:53.009] [error] Command Failed.

ERROR: Command Failed.
[2026-09-11 15:15:53.012] [error] There is no such Spring properties.

ERROR: There is no such Spring properties.
[2026-09-11 15:15:53.012] [error] Command Failed.

ERROR: Command Failed.
WARNING: The distance between nodesets is not accurate.
WARNING: The distance between nodesets is not accurate.
WARNING: The distance between nodesets is not accurate.
WARNING: The distance between nodesets is not accurate.
WARNING: The distance between nodesets is not accurate.
[2026-09-11 15:15:53.056] [error] Invalid element id 2.

ERROR: Invalid element id 2.
True
%>import cubit

%>import json

%>print("FCMODEL_IMPORT_DONE=" + json.dumps({"errors": cubit.get_error_count(), "nodes": cubit.get_node_count(), "elements": cubit.get_element_count(), "version": cubit.get_version()}))

FCMODEL_IMPORT_DONE={"errors": 11, "nodes": 19, "elements": 12, "version": "2021.11"}
1 Displacement was deleted.
1 Force was deleted.
...deleting 8 edges from database...
...deleting 19 nodes from database...
[2026-09-11 15:15:53.139] [error] Errors found during session.

ERROR: Errors found during session.
