Supervisor::Impl::load_plugins: Loaded component: libcubitcomp.ccl from directory: /home/antonov/.bin/CAE-Fidesys-8.1/preprocessor/bin
Supervisor::Impl::load_plugins: Loaded component: libFidesysComp.ccl from directory: /home/antonov/.bin/CAE-Fidesys-8.1/preprocessor/bin

%>import fidesys

%>fidesys.cmd('reset')

Finished Command: reset

True
%>fidesys.silent_cmd('import fidesyscase \'/home/antonov/Base/Libs/FCModel/data/fc_core_tests/Contact2dTriS_Gauss_GLL.fc\'')

[2026-09-11 15:12:17.272] [error] Master entity is empty.

ERROR: Master entity is empty.
[2026-09-11 15:12:17.272] [error] Command Failed.

ERROR: Command Failed.
[2026-09-11 15:12:17.274] [error] Master entity is empty.

ERROR: Master entity is empty.
[2026-09-11 15:12:17.274] [error] Command Failed.

ERROR: Command Failed.
[2026-09-11 15:12:17.276] [error] Master entity is empty.

ERROR: Master entity is empty.
[2026-09-11 15:12:17.276] [error] Command Failed.

ERROR: Command Failed.
[2026-09-11 15:12:17.278] [error] Master entity is empty.

ERROR: Master entity is empty.
[2026-09-11 15:12:17.278] [error] Command Failed.

ERROR: Command Failed.
True
%>import cubit

%>import json

%>print("FCMODEL_IMPORT_DONE=" + json.dumps({"errors": cubit.get_error_count(), "nodes": cubit.get_node_count(), "elements": cubit.get_element_count(), "version": cubit.get_version()}))

FCMODEL_IMPORT_DONE={"errors": 8, "nodes": 125, "elements": 40, "version": "2021.11"}
2 Temperature's were deleted.
...deleting 40 tris and 120 edgeUses from database...
...deleting 80 edges from database...
...deleting 125 nodes from database...
[2026-09-11 15:12:17.349] [error] Errors found during session.

ERROR: Errors found during session.
