Supervisor::Impl::load_plugins: Loaded component: libcubitcomp.ccl from directory: /home/antonov/.bin/CAE-Fidesys-8.1/preprocessor/bin
Supervisor::Impl::load_plugins: Loaded component: libFidesysComp.ccl from directory: /home/antonov/.bin/CAE-Fidesys-8.1/preprocessor/bin

%>import fidesys

%>fidesys.cmd('reset')

Finished Command: reset

True
%>fidesys.silent_cmd('import fidesyscase \'/home/antonov/Base/Libs/FCModel/data/fc_core_tests/Contact2d_Plast_Mises_PointDisp_bysteps_Tied_MPC.fc\'')

[2026-09-11 15:12:41.976] [error] Master entity is empty.

ERROR: Master entity is empty.
[2026-09-11 15:12:41.976] [error] Command Failed.

ERROR: Command Failed.
[2026-09-11 15:12:41.978] [error] Master entity is empty.

ERROR: Master entity is empty.
[2026-09-11 15:12:41.978] [error] Command Failed.

ERROR: Command Failed.
[2026-09-11 15:12:41.979] [error] Master entity is empty.

ERROR: Master entity is empty.
[2026-09-11 15:12:41.980] [error] Command Failed.

ERROR: Command Failed.
True
%>import cubit

%>import json

%>print("FCMODEL_IMPORT_DONE=" + json.dumps({"errors": cubit.get_error_count(), "nodes": cubit.get_node_count(), "elements": cubit.get_element_count(), "version": cubit.get_version()}))

FCMODEL_IMPORT_DONE={"errors": 6, "nodes": 163, "elements": 47, "version": "2021.11"}
4 Displacement's were deleted.
...deleting 30 tris and 90 edgeUses from database...
...deleting 17 faces from database...
...deleting 103 edges from database...
...deleting 163 nodes from database...
[2026-09-11 15:12:42.045] [error] Errors found during session.

ERROR: Errors found during session.
