Supervisor::Impl::load_plugins: Loaded component: libcubitcomp.ccl from directory: /home/antonov/.bin/CAE-Fidesys-8.1/preprocessor/bin
Supervisor::Impl::load_plugins: Loaded component: libFidesysComp.ccl from directory: /home/antonov/.bin/CAE-Fidesys-8.1/preprocessor/bin

%>import fidesys

%>fidesys.cmd('reset')

Finished Command: reset

True
%>fidesys.silent_cmd('import fidesyscase \'/home/antonov/Base/Libs/FCModel/data/fc_core_tests/Contact3d_Hex20_Pie_UnmatchedMeshes_PL.fc\'')

[2026-09-11 15:15:17.426] [error] Unrecognized Identifier: 'pure_lagrangian'

ERROR: Unrecognized Identifier: 'pure_lagrangian'
[2026-09-11 15:15:17.426] [error] syntax error (<stdin>, line 41)

ERROR: syntax error (<stdin>, line 41)
[2026-09-11 15:15:17.428] [error] Unrecognized Identifier: 'pure_lagrangian'

ERROR: Unrecognized Identifier: 'pure_lagrangian'
[2026-09-11 15:15:17.428] [error] syntax error (<stdin>, line 42)

ERROR: syntax error (<stdin>, line 42)
[2026-09-11 15:15:17.431] [error] Unrecognized Identifier: 'pure_lagrangian'

ERROR: Unrecognized Identifier: 'pure_lagrangian'
[2026-09-11 15:15:17.431] [error] syntax error (<stdin>, line 43)

ERROR: syntax error (<stdin>, line 43)
True
%>import cubit

%>import json

%>print("FCMODEL_IMPORT_DONE=" + json.dumps({"errors": cubit.get_error_count(), "nodes": cubit.get_node_count(), "elements": cubit.get_element_count(), "version": cubit.get_version()}))

FCMODEL_IMPORT_DONE={"errors": 6, "nodes": 4592, "elements": 599, "version": "2021.11"}
1 Displacement was deleted.
1 Pressure was deleted.
...deleting 599 hexes and 0 faceUses from database...
...deleting 1354 faces from database...
...deleting 2708 edges from database...
...deleting 4592 nodes from database...
[2026-09-11 15:15:17.486] [error] Errors found during session.

ERROR: Errors found during session.
