Supervisor::Impl::load_plugins: Loaded component: libcubitcomp.ccl from directory: /home/antonov/.bin/CAE-Fidesys-8.1/preprocessor/bin
Supervisor::Impl::load_plugins: Loaded component: libFidesysComp.ccl from directory: /home/antonov/.bin/CAE-Fidesys-8.1/preprocessor/bin

%>import fidesys

%>fidesys.cmd('reset')

Finished Command: reset

True
%>fidesys.silent_cmd('import fidesyscase \'/home/antonov/Base/Libs/FCModel/data/fc_core_tests/Contact2dQuad4CGS4_03_full_mesh_PL.fc\'')

[2026-09-11 15:10:41.706] [error] Unrecognized Identifier: 'constant_damping'

ERROR: Unrecognized Identifier: 'constant_damping'
[2026-09-11 15:10:41.706] [error] syntax error (<stdin>, line 60)

ERROR: syntax error (<stdin>, line 60)
[2026-09-11 15:10:41.707] [error] There is no such Spring properties.

ERROR: There is no such Spring properties.
[2026-09-11 15:10:41.707] [error] Command Failed.

ERROR: Command Failed.
[2026-09-11 15:10:41.710] [error] Unrecognized Identifier: 'constant_damping'

ERROR: Unrecognized Identifier: 'constant_damping'
[2026-09-11 15:10:41.710] [error] syntax error (<stdin>, line 63)

ERROR: syntax error (<stdin>, line 63)
[2026-09-11 15:10:41.711] [error] Unrecognized Identifier: 'constant_damping'

ERROR: Unrecognized Identifier: 'constant_damping'
[2026-09-11 15:10:41.711] [error] syntax error (<stdin>, line 64)

ERROR: syntax error (<stdin>, line 64)
[2026-09-11 15:10:41.736] [error] Unrecognized Identifier: 'pure_lagrangian'

ERROR: Unrecognized Identifier: 'pure_lagrangian'
[2026-09-11 15:10:41.736] [error] syntax error (<stdin>, line 85)

ERROR: syntax error (<stdin>, line 85)
[2026-09-11 15:10:41.744] [error] Invalid element id 3687.

ERROR: Invalid element id 3687.
True
%>import cubit

%>import json

%>print("FCMODEL_IMPORT_DONE=" + json.dumps({"errors": cubit.get_error_count(), "nodes": cubit.get_node_count(), "elements": cubit.get_element_count(), "version": cubit.get_version()}))

FCMODEL_IMPORT_DONE={"errors": 11, "nodes": 3929, "elements": 3704, "version": "2021.11"}
2 Displacement's were deleted.
...deleting 3686 faces from database...
...deleting 7613 edges from database...
...deleting 3929 nodes from database...
[2026-09-11 15:10:41.765] [error] Errors found during session.

ERROR: Errors found during session.
