Supervisor::Impl::load_plugins: Loaded component: libcubitcomp.ccl from directory: /home/antonov/.bin/CAE-Fidesys-8.1/preprocessor/bin
Supervisor::Impl::load_plugins: Loaded component: libFidesysComp.ccl from directory: /home/antonov/.bin/CAE-Fidesys-8.1/preprocessor/bin

%>import fidesys

%>fidesys.cmd('reset')

Finished Command: reset

True
%>fidesys.silent_cmd('import fidesyscase \'/home/antonov/Base/Libs/FCModel/data/fc_core_tests/Contact3dLayeredShellEdges_DiffLayers_Tied.fc\'')

[2026-09-11 15:13:39.365] [error] Master entity is empty.

ERROR: Master entity is empty.
[2026-09-11 15:13:39.365] [error] Command Failed.

ERROR: Command Failed.
True
%>import cubit

%>import json

%>print("FCMODEL_IMPORT_DONE=" + json.dumps({"errors": cubit.get_error_count(), "nodes": cubit.get_node_count(), "elements": cubit.get_element_count(), "version": cubit.get_version()}))

FCMODEL_IMPORT_DONE={"errors": 2, "nodes": 134, "elements": 44, "version": "2021.11"}
1 Displacement was deleted.
1 Temperature was deleted.
...deleting 28 tris and 84 edgeUses from database...
...deleting 16 faces from database...
...deleting 88 edges from database...
...deleting 134 nodes from database...
[2026-09-11 15:13:39.480] [error] Errors found during session.

ERROR: Errors found during session.
