Supervisor::Impl::load_plugins: Loaded component: libcubitcomp.ccl from directory: /home/antonov/.bin/CAE-Fidesys-8.1/preprocessor/bin
Supervisor::Impl::load_plugins: Loaded component: libFidesysComp.ccl from directory: /home/antonov/.bin/CAE-Fidesys-8.1/preprocessor/bin

%>import fidesys

%>fidesys.cmd('reset')

Finished Command: reset

True
%>fidesys.silent_cmd('import fidesyscase \'/home/antonov/Base/Libs/FCModel/data/fc_core_tests/Contact3dHexSo3_TiedTangent_PL.fc\'')

[2026-09-11 15:13:36.816] [error] Unrecognized Identifier: 'pure_lagrangian'

ERROR: Unrecognized Identifier: 'pure_lagrangian'
[2026-09-11 15:13:36.817] [error] syntax error (<stdin>, line 41)

ERROR: syntax error (<stdin>, line 41)
True
%>import cubit

%>import json

%>print("FCMODEL_IMPORT_DONE=" + json.dumps({"errors": cubit.get_error_count(), "nodes": cubit.get_node_count(), "elements": cubit.get_element_count(), "version": cubit.get_version()}))

FCMODEL_IMPORT_DONE={"errors": 2, "nodes": 162, "elements": 16, "version": "2021.11"}
2 Displacement's were deleted.
...deleting 16 hexes and 0 faceUses from database...
...deleting 48 faces from database...
...deleting 96 edges from database...
...deleting 162 nodes from database...
[2026-09-11 15:13:36.863] [error] Errors found during session.

ERROR: Errors found during session.
