Supervisor::Impl::load_plugins: Loaded component: libcubitcomp.ccl from directory: /home/antonov/.bin/CAE-Fidesys-8.1/preprocessor/bin
Supervisor::Impl::load_plugins: Loaded component: libFidesysComp.ccl from directory: /home/antonov/.bin/CAE-Fidesys-8.1/preprocessor/bin

%>import fidesys

%>fidesys.cmd('reset')

Finished Command: reset

True
%>fidesys.silent_cmd('import fidesyscase \'/home/antonov/Base/Libs/FCModel/data/fc_core_tests/Contact3dHex8CGS4_01_2el.fc\'')

[2026-09-11 15:13:11.997] [error] Unrecognized Identifier: 'constant_damping'

ERROR: Unrecognized Identifier: 'constant_damping'
[2026-09-11 15:13:11.997] [error] syntax error (<stdin>, line 54)

ERROR: syntax error (<stdin>, line 54)
[2026-09-11 15:13:11.998] [error] There is no such Spring properties.

ERROR: There is no such Spring properties.
[2026-09-11 15:13:11.999] [error] Command Failed.

ERROR: Command Failed.
WARNING: The distance between nodesets is not accurate.
[2026-09-11 15:13:12.036] [error] Invalid element id 3.

ERROR: Invalid element id 3.
True
%>import cubit

%>import json

%>print("FCMODEL_IMPORT_DONE=" + json.dumps({"errors": cubit.get_error_count(), "nodes": cubit.get_node_count(), "elements": cubit.get_element_count(), "version": cubit.get_version()}))

FCMODEL_IMPORT_DONE={"errors": 5, "nodes": 20, "elements": 6, "version": "2021.11"}
4 Displacement's were deleted.
...deleting 2 hexes and 0 faceUses from database...
...deleting 12 faces from database...
...deleting 28 edges from database...
...deleting 20 nodes from database...
[2026-09-11 15:13:12.529] [error] Errors found during session.

ERROR: Errors found during session.
