Supervisor::Impl::load_plugins: Loaded component: libcubitcomp.ccl from directory: /home/antonov/.bin/CAE-Fidesys-8.1/preprocessor/bin
Supervisor::Impl::load_plugins: Loaded component: libFidesysComp.ccl from directory: /home/antonov/.bin/CAE-Fidesys-8.1/preprocessor/bin

%>import fidesys

%>fidesys.cmd('reset')

Finished Command: reset

True
%>fidesys.silent_cmd('import fidesyscase \'/home/antonov/Base/Libs/FCModel/data/fc_core_tests/Coupling3d_LumpMass_Solid_Reaction.fc\'')

[2026-09-11 15:16:08.863] [error] Invalid element id 9.

ERROR: Invalid element id 9.
True
%>import cubit

%>import json

%>print("FCMODEL_IMPORT_DONE=" + json.dumps({"errors": cubit.get_error_count(), "nodes": cubit.get_node_count(), "elements": cubit.get_element_count(), "version": cubit.get_version()}))

FCMODEL_IMPORT_DONE={"errors": 1, "nodes": 28, "elements": 9, "version": "2021.11"}
2 Displacement's were deleted.
...deleting 8 hexes and 0 faceUses from database...
...deleting 24 faces from database...
...deleting 48 edges from database...
...deleting 28 nodes from database...
[2026-09-11 15:16:08.930] [error] Errors found during session.

ERROR: Errors found during session.
