Supervisor::Impl::load_plugins: Loaded component: libcubitcomp.ccl from directory: /home/antonov/.bin/CAE-Fidesys-8.1/preprocessor/bin
Supervisor::Impl::load_plugins: Loaded component: libFidesysComp.ccl from directory: /home/antonov/.bin/CAE-Fidesys-8.1/preprocessor/bin

%>import fidesys

%>fidesys.cmd('reset')

Finished Command: reset

True
%>fidesys.silent_cmd('import fidesyscase \'/home/antonov/Base/Libs/FCModel/data/fc_core_tests/Coupling3d_LumpMass_LinSpring_Reaction.fc\'')

[2026-09-11 15:16:07.991] [error] Unrecognized Identifier: 'constant_damping'

ERROR: Unrecognized Identifier: 'constant_damping'
[2026-09-11 15:16:07.991] [error] syntax error (<stdin>, line 48)

ERROR: syntax error (<stdin>, line 48)
[2026-09-11 15:16:07.992] [error] There is no such Spring properties.

ERROR: There is no such Spring properties.
[2026-09-11 15:16:07.992] [error] Command Failed.

ERROR: Command Failed.
[2026-09-11 15:16:08.023] [error] Invalid element id 2.

ERROR: Invalid element id 2.
True
%>import cubit

%>import json

%>print("FCMODEL_IMPORT_DONE=" + json.dumps({"errors": cubit.get_error_count(), "nodes": cubit.get_node_count(), "elements": cubit.get_element_count(), "version": cubit.get_version()}))

FCMODEL_IMPORT_DONE={"errors": 5, "nodes": 3, "elements": 2, "version": "2021.11"}
2 Displacement's were deleted.
...deleting 1 edges from database...
...deleting 3 nodes from database...
[2026-09-11 15:16:08.040] [error] Errors found during session.

ERROR: Errors found during session.
