Supervisor::Impl::load_plugins: Loaded component: libcubitcomp.ccl from directory: /home/antonov/.bin/CAE-Fidesys-8.1/preprocessor/bin
Supervisor::Impl::load_plugins: Loaded component: libFidesysComp.ccl from directory: /home/antonov/.bin/CAE-Fidesys-8.1/preprocessor/bin

%>import fidesys

%>fidesys.cmd('reset')

Finished Command: reset

True
%>fidesys.silent_cmd('import fidesyscase \'/home/antonov/Base/Libs/FCModel/data/fc_core_tests/Coupling2d_LumpMass_Solid_Reaction.fc\'')

[2026-09-11 15:16:06.697] [error] Invalid element id 5.

ERROR: Invalid element id 5.
True
%>import cubit

%>import json

%>print("FCMODEL_IMPORT_DONE=" + json.dumps({"errors": cubit.get_error_count(), "nodes": cubit.get_node_count(), "elements": cubit.get_element_count(), "version": cubit.get_version()}))

FCMODEL_IMPORT_DONE={"errors": 1, "nodes": 10, "elements": 5, "version": "2021.11"}
2 Displacement's were deleted.
...deleting 4 faces from database...
...deleting 12 edges from database...
...deleting 10 nodes from database...
[2026-09-11 15:16:06.825] [error] Errors found during session.

ERROR: Errors found during session.
