Supervisor::Impl::load_plugins: Loaded component: libcubitcomp.ccl from directory: /home/antonov/.bin/CAE-Fidesys-8.1/preprocessor/bin
Supervisor::Impl::load_plugins: Loaded component: libFidesysComp.ccl from directory: /home/antonov/.bin/CAE-Fidesys-8.1/preprocessor/bin

%>import fidesys

%>fidesys.cmd('reset')

Finished Command: reset

True
%>fidesys.silent_cmd('import fidesyscase \'/home/antonov/Base/Libs/FCModel/data/fc_core_tests/EfPrCond_CubeTrans_Mix1_nonper.fc\'')

True
%>import cubit

%>import json

%>print("FCMODEL_IMPORT_DONE=" + json.dumps({"errors": cubit.get_error_count(), "nodes": cubit.get_node_count(), "elements": cubit.get_element_count(), "version": cubit.get_version()}))

FCMODEL_IMPORT_DONE={"errors": 0, "nodes": 47, "elements": 77, "version": "2021.11"}
...deleting 8 pyramids from database...
...deleting 16 wedges from database...
...deleting 51 tets from database...
...deleting 44 tris and 132 edgeUses from database...
...deleting 2 hexes and 0 faceUses from database...
...deleting 14 faces from database...
...deleting 94 edges from database...
...deleting 47 nodes from database...
