Supervisor::Impl::load_plugins: Loaded component: libcubitcomp.ccl from directory: /home/antonov/.bin/CAE-Fidesys-8.1/preprocessor/bin
Supervisor::Impl::load_plugins: Loaded component: libFidesysComp.ccl from directory: /home/antonov/.bin/CAE-Fidesys-8.1/preprocessor/bin

%>import fidesys

%>fidesys.cmd('reset')

Finished Command: reset

True
%>fidesys.silent_cmd('import fidesyscase \'/home/antonov/Base/Libs/FCModel/data/fc_core_tests/EfPrCond_Fiber1_Wedge15Beam36s3_per.fc\'')

WARNING: (RefEdge::initialize) Curve 8 has zero arclength but is not a point_curve.
WARNING: (RefEdge::initialize) Curve 14 has zero arclength but is not a point_curve.
[2026-09-11 15:17:22.349] [error] Invalid element id 1.

ERROR: Invalid element id 1.
True
%>import cubit

%>import json

%>print("FCMODEL_IMPORT_DONE=" + json.dumps({"errors": cubit.get_error_count(), "nodes": cubit.get_node_count(), "elements": cubit.get_element_count(), "version": cubit.get_version()}))

FCMODEL_IMPORT_DONE={"errors": 1, "nodes": 505, "elements": 132, "version": "2021.11"}
...deleting 128 wedges from database...
...deleting 64 tris and 192 edgeUses from database...
...deleting 64 faces from database...
...deleting 228 edges from database...
...deleting 505 nodes from database...
[2026-09-11 15:17:22.554] [error] Errors found during session.

ERROR: Errors found during session.
