Supervisor::Impl::load_plugins: Loaded component: libcubitcomp.ccl from directory: /home/antonov/.bin/CAE-Fidesys-8.1/preprocessor/bin
Supervisor::Impl::load_plugins: Loaded component: libFidesysComp.ccl from directory: /home/antonov/.bin/CAE-Fidesys-8.1/preprocessor/bin

%>import fidesys

%>fidesys.cmd('reset')

Finished Command: reset

True
%>fidesys.silent_cmd('import fidesyscase \'/home/antonov/Base/Libs/FCModel/data/fc_core_tests/EfPrCond_Fiber1_Pyr13Beam36_per.fc\'')

WARNING: (RefEdge::initialize) Curve 5 has zero arclength but is not a point_curve.
WARNING: (RefEdge::initialize) Curve 14 has zero arclength but is not a point_curve.
[2026-09-11 15:17:19.507] [error] Invalid element id 1.

ERROR: Invalid element id 1.
True
%>import cubit

%>import json

%>print("FCMODEL_IMPORT_DONE=" + json.dumps({"errors": cubit.get_error_count(), "nodes": cubit.get_node_count(), "elements": cubit.get_element_count(), "version": cubit.get_version()}))

FCMODEL_IMPORT_DONE={"errors": 1, "nodes": 876, "elements": 509, "version": "2021.11"}
...deleting 16 pyramids from database...
...deleting 489 tets from database...
...deleting 144 tris and 432 edgeUses from database...
...deleting 16 faces from database...
...deleting 252 edges from database...
...deleting 876 nodes from database...
[2026-09-11 15:17:19.552] [error] Errors found during session.

ERROR: Errors found during session.
