Supervisor::Impl::load_plugins: Loaded component: libcubitcomp.ccl from directory: /home/antonov/.bin/CAE-Fidesys-8.1/preprocessor/bin
Supervisor::Impl::load_plugins: Loaded component: libFidesysComp.ccl from directory: /home/antonov/.bin/CAE-Fidesys-8.1/preprocessor/bin

%>import fidesys

%>fidesys.cmd('reset')

Finished Command: reset

True
%>fidesys.silent_cmd('import fidesyscase \'/home/antonov/Base/Libs/FCModel/data/fc_core_tests/Contact2dQuad8_CGS1BigShift_regular_notconform_Frictionless_PL.fc\'')

[2026-09-11 18:38:39.309] [error] Unrecognized Identifier: 'pure_lagrangian'

ERROR: Unrecognized Identifier: 'pure_lagrangian'
[2026-09-11 18:38:39.309] [error] syntax error (<stdin>, line 55)

ERROR: syntax error (<stdin>, line 55)
True
%>import cubit

%>import json

%>print("FCMODEL_IMPORT_DONE=" + json.dumps({"errors": cubit.get_error_count(), "nodes": cubit.get_node_count(), "elements": cubit.get_element_count(), "version": cubit.get_version()}))

FCMODEL_IMPORT_DONE={"errors": 2, "nodes": 135, "elements": 33, "version": "2021.11"}
%>result = cubit.cmd('export fidesyscase "/home/antonov/Base/Libs/FCModel/work/1_2_2026-09-11_fidesys_roundtrip/exported/Contact2dQuad8_CGS1BigShift_regular_notconform_Frictionless_PL.fc" overwrite')

Displacement 1 added to BCSet 100.
Displacement 2 added to BCSet 100.
Displacement 3 added to BCSet 100.
Finished Command: export fidesyscase "/home/antonov/Base/Libs/FCModel/work/1_2_2026-09-11_fidesys_roundtrip/exported/Contact2dQuad8_CGS1BigShift_regular_notconform_Frictionless_PL.fc" overwrite

%>print("FCMODEL_EXPORT_DONE=" + json.dumps({"errors": cubit.get_error_count(), "nodes": cubit.get_node_count(), "elements": cubit.get_element_count(), "result": result}))

FCMODEL_EXPORT_DONE={"errors": 2, "nodes": 135, "elements": 33, "result": true}
3 Displacement's were deleted.
...deleting 33 faces from database...
...deleting 83 edges from database...
...deleting 135 nodes from database...
[2026-09-11 18:38:39.345] [error] Errors found during session.

ERROR: Errors found during session.
