Supervisor::Impl::load_plugins: Loaded component: libcubitcomp.ccl from directory: /home/antonov/.bin/CAE-Fidesys-8.1/preprocessor/bin
Supervisor::Impl::load_plugins: Loaded component: libFidesysComp.ccl from directory: /home/antonov/.bin/CAE-Fidesys-8.1/preprocessor/bin

%>import fidesys

%>fidesys.cmd('reset')

Finished Command: reset

True
%>fidesys.silent_cmd('import fidesyscase \'/home/antonov/Base/Libs/FCModel/data/fc_core_tests/Contact2d_TriSo3_LinSpringAlongContact_not_conform.fc\'')

WARNING: 3 elements were already in some previous block.
WARNING: Block 3 will not contain these elements
WARNING: Duplicates are contained in group import_duplicates_from_block_3
WARNING: Edges or nodes are not equivalent after node order correction.
WARNING: Edges or nodes are not equivalent after node order correction.
WARNING: Edges or nodes are not equivalent after node order correction.
[2026-09-11 18:40:17.331] [error] Unrecognized Identifier: 'constant_damping'

ERROR: Unrecognized Identifier: 'constant_damping'
[2026-09-11 18:40:17.332] [error] syntax error (<stdin>, line 63)

ERROR: syntax error (<stdin>, line 63)
[2026-09-11 18:40:17.335] [error] There is no such Spring properties.

ERROR: There is no such Spring properties.
[2026-09-11 18:40:17.335] [error] Command Failed.

ERROR: Command Failed.
[2026-09-11 18:40:17.352] [error] Master entity is empty.

ERROR: Master entity is empty.
[2026-09-11 18:40:17.352] [error] Command Failed.

ERROR: Command Failed.
True
%>import cubit

%>import json

%>print("FCMODEL_IMPORT_DONE=" + json.dumps({"errors": cubit.get_error_count(), "nodes": cubit.get_node_count(), "elements": cubit.get_element_count(), "version": cubit.get_version()}))

FCMODEL_IMPORT_DONE={"errors": 6, "nodes": 57, "elements": 22, "version": "2021.11"}
%>result = cubit.cmd('export fidesyscase "/home/antonov/Base/Libs/FCModel/work/1_2_2026-09-11_fidesys_roundtrip/exported/Contact2d_TriSo3_LinSpringAlongContact_not_conform.fc" overwrite')

WARNING: Some geometry or mesh entities are not added to Blocks.
Displacement 1 added to BCSet 100.
Displacement 2 added to BCSet 100.
Displacement 3 added to BCSet 100.
Finished Command: export fidesyscase "/home/antonov/Base/Libs/FCModel/work/1_2_2026-09-11_fidesys_roundtrip/exported/Contact2d_TriSo3_LinSpringAlongContact_not_conform.fc" overwrite

%>print("FCMODEL_EXPORT_DONE=" + json.dumps({"errors": cubit.get_error_count(), "nodes": cubit.get_node_count(), "elements": cubit.get_element_count(), "result": result}))

FCMODEL_EXPORT_DONE={"errors": 6, "nodes": 57, "elements": 22, "result": true}
3 Displacement's were deleted.
...deleting 19 tris and 57 edgeUses from database...
...deleting 40 edges from database...
...deleting 57 nodes from database...
[2026-09-11 18:40:17.423] [error] Errors found during session.

ERROR: Errors found during session.
