Supervisor::Impl::load_plugins: Loaded component: libcubitcomp.ccl from directory: /home/antonov/.bin/CAE-Fidesys-8.1/preprocessor/bin
Supervisor::Impl::load_plugins: Loaded component: libFidesysComp.ccl from directory: /home/antonov/.bin/CAE-Fidesys-8.1/preprocessor/bin

%>import fidesys

%>fidesys.cmd('reset')

Finished Command: reset

True
%>fidesys.silent_cmd('import fidesyscase \'/home/antonov/Base/Libs/FCModel/data/fc_core_tests/Contactd2d_Priority_Mixed.fc\'')

[2026-09-11 18:43:28.577] [error] Master entity is empty.

ERROR: Master entity is empty.
[2026-09-11 18:43:28.577] [error] Command Failed.

ERROR: Command Failed.
[2026-09-11 18:43:28.579] [error] Master entity is empty.

ERROR: Master entity is empty.
[2026-09-11 18:43:28.579] [error] Command Failed.

ERROR: Command Failed.
[2026-09-11 18:43:28.581] [error] Master entity is empty.

ERROR: Master entity is empty.
[2026-09-11 18:43:28.581] [error] Command Failed.

ERROR: Command Failed.
[2026-09-11 18:43:28.583] [error] Master entity is empty.

ERROR: Master entity is empty.
[2026-09-11 18:43:28.583] [error] Command Failed.

ERROR: Command Failed.
[2026-09-11 18:43:28.585] [error] Master entity is empty.

ERROR: Master entity is empty.
[2026-09-11 18:43:28.585] [error] Command Failed.

ERROR: Command Failed.
True
%>import cubit

%>import json

%>print("FCMODEL_IMPORT_DONE=" + json.dumps({"errors": cubit.get_error_count(), "nodes": cubit.get_node_count(), "elements": cubit.get_element_count(), "version": cubit.get_version()}))

FCMODEL_IMPORT_DONE={"errors": 10, "nodes": 148, "elements": 32, "version": "2021.11"}
%>result = cubit.cmd('export fidesyscase "/home/antonov/Base/Libs/FCModel/work/1_2_2026-09-11_fidesys_roundtrip/exported/Contactd2d_Priority_Mixed.fc" overwrite')

Displacement 1 added to BCSet 100.
Displacement 2 added to BCSet 100.
Displacement 3 added to BCSet 100.
Finished Command: export fidesyscase "/home/antonov/Base/Libs/FCModel/work/1_2_2026-09-11_fidesys_roundtrip/exported/Contactd2d_Priority_Mixed.fc" overwrite

%>print("FCMODEL_EXPORT_DONE=" + json.dumps({"errors": cubit.get_error_count(), "nodes": cubit.get_node_count(), "elements": cubit.get_element_count(), "result": result}))

FCMODEL_EXPORT_DONE={"errors": 10, "nodes": 148, "elements": 32, "result": true}
3 Displacement's were deleted.
...deleting 32 faces from database...
...deleting 88 edges from database...
...deleting 148 nodes from database...
[2026-09-11 18:43:28.638] [error] Errors found during session.

ERROR: Errors found during session.
