Supervisor::Impl::load_plugins: Loaded component: libcubitcomp.ccl from directory: /home/antonov/.bin/CAE-Fidesys-8.1/preprocessor/bin
Supervisor::Impl::load_plugins: Loaded component: libFidesysComp.ccl from directory: /home/antonov/.bin/CAE-Fidesys-8.1/preprocessor/bin

%>import fidesys

%>fidesys.cmd('reset')

Finished Command: reset

True
%>fidesys.silent_cmd('import fidesyscase \'/home/antonov/Base/Libs/FCModel/data/fc_core_tests/Contact3dMixed1HomogeneousStressTiedCut45.fc\'')

[2026-09-11 18:41:03.716] [error] Slave entity is empty.

ERROR: Slave entity is empty.
[2026-09-11 18:41:03.716] [error] Command Failed.

ERROR: Command Failed.
True
%>import cubit

%>import json

%>print("FCMODEL_IMPORT_DONE=" + json.dumps({"errors": cubit.get_error_count(), "nodes": cubit.get_node_count(), "elements": cubit.get_element_count(), "version": cubit.get_version()}))

FCMODEL_IMPORT_DONE={"errors": 2, "nodes": 338, "elements": 376, "version": "2021.11"}
%>result = cubit.cmd('export fidesyscase "/home/antonov/Base/Libs/FCModel/work/1_2_2026-09-11_fidesys_roundtrip/exported/Contact3dMixed1HomogeneousStressTiedCut45.fc" overwrite')

Pressure 3 added to BCSet 100.
Displacement 1 added to BCSet 100.
Displacement 2 added to BCSet 100.
Finished Command: export fidesyscase "/home/antonov/Base/Libs/FCModel/work/1_2_2026-09-11_fidesys_roundtrip/exported/Contact3dMixed1HomogeneousStressTiedCut45.fc" overwrite

%>print("FCMODEL_EXPORT_DONE=" + json.dumps({"errors": cubit.get_error_count(), "nodes": cubit.get_node_count(), "elements": cubit.get_element_count(), "result": result}))

FCMODEL_EXPORT_DONE={"errors": 2, "nodes": 338, "elements": 376, "result": true}
2 Displacement's were deleted.
1 Pressure was deleted.
...deleting 286 tets from database...
...deleting 204 tris and 612 edgeUses from database...
...deleting 90 hexes and 0 faceUses from database...
...deleting 222 faces from database...
...deleting 750 edges from database...
...deleting 338 nodes from database...
[2026-09-11 18:41:03.774] [error] Errors found during session.

ERROR: Errors found during session.
