Supervisor::Impl::load_plugins: Loaded component: libcubitcomp.ccl from directory: /home/antonov/.bin/CAE-Fidesys-8.1/preprocessor/bin
Supervisor::Impl::load_plugins: Loaded component: libFidesysComp.ccl from directory: /home/antonov/.bin/CAE-Fidesys-8.1/preprocessor/bin

%>import fidesys

%>fidesys.cmd('reset')

Finished Command: reset

True
%>fidesys.silent_cmd('import fidesyscase \'/home/antonov/Base/Libs/FCModel/data/fc_core_tests/Contact2dQuad4CGS4_03_full_mesh_Penalty.fc\'')

[2026-09-11 18:38:11.688] [error] Unrecognized Identifier: 'constant_damping'

ERROR: Unrecognized Identifier: 'constant_damping'
[2026-09-11 18:38:11.688] [error] syntax error (<stdin>, line 60)

ERROR: syntax error (<stdin>, line 60)
[2026-09-11 18:38:11.690] [error] There is no such Spring properties.

ERROR: There is no such Spring properties.
[2026-09-11 18:38:11.690] [error] Command Failed.

ERROR: Command Failed.
[2026-09-11 18:38:11.692] [error] Unrecognized Identifier: 'constant_damping'

ERROR: Unrecognized Identifier: 'constant_damping'
[2026-09-11 18:38:11.692] [error] syntax error (<stdin>, line 63)

ERROR: syntax error (<stdin>, line 63)
[2026-09-11 18:38:11.694] [error] Unrecognized Identifier: 'constant_damping'

ERROR: Unrecognized Identifier: 'constant_damping'
[2026-09-11 18:38:11.694] [error] syntax error (<stdin>, line 64)

ERROR: syntax error (<stdin>, line 64)
[2026-09-11 18:38:11.718] [error] Master entity is empty.

ERROR: Master entity is empty.
[2026-09-11 18:38:11.718] [error] Command Failed.

ERROR: Command Failed.
[2026-09-11 18:38:11.725] [error] Invalid element id 3687.

ERROR: Invalid element id 3687.
True
%>import cubit

%>import json

%>print("FCMODEL_IMPORT_DONE=" + json.dumps({"errors": cubit.get_error_count(), "nodes": cubit.get_node_count(), "elements": cubit.get_element_count(), "version": cubit.get_version()}))

FCMODEL_IMPORT_DONE={"errors": 11, "nodes": 3929, "elements": 3704, "version": "2021.11"}
%>result = cubit.cmd('export fidesyscase "/home/antonov/Base/Libs/FCModel/work/1_2_2026-09-11_fidesys_roundtrip/exported/Contact2dQuad4CGS4_03_full_mesh_Penalty.fc" overwrite')

Displacement 1 added to BCSet 100.
Displacement 2 added to BCSet 100.
Finished Command: export fidesyscase "/home/antonov/Base/Libs/FCModel/work/1_2_2026-09-11_fidesys_roundtrip/exported/Contact2dQuad4CGS4_03_full_mesh_Penalty.fc" overwrite

%>print("FCMODEL_EXPORT_DONE=" + json.dumps({"errors": cubit.get_error_count(), "nodes": cubit.get_node_count(), "elements": cubit.get_element_count(), "result": result}))

FCMODEL_EXPORT_DONE={"errors": 11, "nodes": 3929, "elements": 3704, "result": true}
2 Displacement's were deleted.
...deleting 3686 faces from database...
...deleting 7613 edges from database...
...deleting 3929 nodes from database...
[2026-09-11 18:38:11.777] [error] Errors found during session.

ERROR: Errors found during session.
