Supervisor::Impl::load_plugins: Loaded component: libcubitcomp.ccl from directory: /home/antonov/.bin/CAE-Fidesys-8.1/preprocessor/bin
Supervisor::Impl::load_plugins: Loaded component: libFidesysComp.ccl from directory: /home/antonov/.bin/CAE-Fidesys-8.1/preprocessor/bin

%>import fidesys

%>fidesys.cmd('reset')

Finished Command: reset

True
%>fidesys.silent_cmd('import fidesyscase \'/home/antonov/Base/Libs/FCModel/data/fc_core_tests/Contact3dHex20CylInCylAllRigidMove_Homogeneous.fc\'')

WARNING: The distance between nodesets is not accurate.
True
%>import cubit

%>import json

%>print("FCMODEL_IMPORT_DONE=" + json.dumps({"errors": cubit.get_error_count(), "nodes": cubit.get_node_count(), "elements": cubit.get_element_count(), "version": cubit.get_version()}))

FCMODEL_IMPORT_DONE={"errors": 0, "nodes": 7525, "elements": 3033, "version": "2021.11"}
%>result = cubit.cmd('export fidesyscase "/home/antonov/Base/Libs/FCModel/work/1_2_2026-09-11_fidesys_roundtrip/exported/Contact3dHex20CylInCylAllRigidMove_Homogeneous.fc" overwrite')

Displacement 1 added to BCSet 100.
Finished Command: export fidesyscase "/home/antonov/Base/Libs/FCModel/work/1_2_2026-09-11_fidesys_roundtrip/exported/Contact3dHex20CylInCylAllRigidMove_Homogeneous.fc" overwrite

%>print("FCMODEL_EXPORT_DONE=" + json.dumps({"errors": cubit.get_error_count(), "nodes": cubit.get_node_count(), "elements": cubit.get_element_count(), "result": result}))

FCMODEL_EXPORT_DONE={"errors": 0, "nodes": 7525, "elements": 3033, "result": true}
1 Displacement was deleted.
...deleting 2217 tets from database...
...deleting 558 tris and 1674 edgeUses from database...
...deleting 816 hexes and 0 faceUses from database...
...deleting 448 faces from database...
...deleting 1733 edges from database...
...deleting 7525 nodes from database...
