Supervisor::Impl::load_plugins: Loaded component: libcubitcomp.ccl from directory: /home/antonov/.bin/CAE-Fidesys-8.1/preprocessor/bin
Supervisor::Impl::load_plugins: Loaded component: libFidesysComp.ccl from directory: /home/antonov/.bin/CAE-Fidesys-8.1/preprocessor/bin

%>import fidesys

%>fidesys.cmd('reset')

Finished Command: reset

True
%>fidesys.silent_cmd('import fidesyscase \'/home/antonov/Base/Libs/FCModel/data/fc_core_tests/Contact3d_ShellSo3_LinSpringAlongContact_not_conform.fc\'')

WARNING: 3 elements were already in some previous block.
WARNING: Block 3 will not contain these elements
WARNING: Duplicates are contained in group import_duplicates_from_block_3
WARNING: Edges or nodes are not equivalent after node order correction.
[2026-09-11 18:43:05.943] [error] Unrecognized Identifier: 'constant_damping'

ERROR: Unrecognized Identifier: 'constant_damping'
[2026-09-11 18:43:05.943] [error] syntax error (<stdin>, line 71)

ERROR: syntax error (<stdin>, line 71)
[2026-09-11 18:43:05.945] [error] There is no such Spring properties.

ERROR: There is no such Spring properties.
[2026-09-11 18:43:05.945] [error] Command Failed.

ERROR: Command Failed.
[2026-09-11 18:43:05.954] [error] Master entity is empty.

ERROR: Master entity is empty.
[2026-09-11 18:43:05.954] [error] Command Failed.

ERROR: Command Failed.
WARNING: The distance between nodesets is not accurate.
[2026-09-11 18:43:05.963] [error] Invalid element id 1.

ERROR: Invalid element id 1.
True
%>import cubit

%>import json

%>print("FCMODEL_IMPORT_DONE=" + json.dumps({"errors": cubit.get_error_count(), "nodes": cubit.get_node_count(), "elements": cubit.get_element_count(), "version": cubit.get_version()}))

FCMODEL_IMPORT_DONE={"errors": 7, "nodes": 53, "elements": 18, "version": "2021.11"}
%>result = cubit.cmd('export fidesyscase "/home/antonov/Base/Libs/FCModel/work/1_2_2026-09-11_fidesys_roundtrip/exported/Contact3d_ShellSo3_LinSpringAlongContact_not_conform.fc" overwrite')

WARNING: Some geometry or mesh entities are not added to Blocks.
Pressure 1 added to BCSet 100.
Displacement 1 added to BCSet 100.
Finished Command: export fidesyscase "/home/antonov/Base/Libs/FCModel/work/1_2_2026-09-11_fidesys_roundtrip/exported/Contact3d_ShellSo3_LinSpringAlongContact_not_conform.fc" overwrite

%>print("FCMODEL_EXPORT_DONE=" + json.dumps({"errors": cubit.get_error_count(), "nodes": cubit.get_node_count(), "elements": cubit.get_element_count(), "result": result}))

FCMODEL_EXPORT_DONE={"errors": 7, "nodes": 53, "elements": 18, "result": true}
1 Displacement was deleted.
1 Pressure was deleted.
...deleting 11 tris and 33 edgeUses from database...
...deleting 4 faces from database...
...deleting 36 edges from database...
...deleting 53 nodes from database...
[2026-09-11 18:43:06.005] [error] Errors found during session.

ERROR: Errors found during session.
