Supervisor::Impl::load_plugins: Loaded component: libcubitcomp.ccl from directory: /home/antonov/.bin/CAE-Fidesys-8.1/preprocessor/bin
Supervisor::Impl::load_plugins: Loaded component: libFidesysComp.ccl from directory: /home/antonov/.bin/CAE-Fidesys-8.1/preprocessor/bin

%>import fidesys

%>fidesys.cmd('reset')

Finished Command: reset

True
%>fidesys.silent_cmd('import fidesyscase \'/home/antonov/Base/Libs/FCModel/data/fc_core_tests/Contact3dMixedSo3BriksWithGapCompressionHomogeneous.fc\'')

WARNING: The distance between nodesets is not accurate.
True
%>import cubit

%>import json

%>print("FCMODEL_IMPORT_DONE=" + json.dumps({"errors": cubit.get_error_count(), "nodes": cubit.get_node_count(), "elements": cubit.get_element_count(), "version": cubit.get_version()}))

FCMODEL_IMPORT_DONE={"errors": 0, "nodes": 897, "elements": 488, "version": "2021.11"}
%>result = cubit.cmd('export fidesyscase "/home/antonov/Base/Libs/FCModel/work/1_2_2026-09-11_fidesys_roundtrip/exported/Contact3dMixedSo3BriksWithGapCompressionHomogeneous.fc" overwrite')

Pressure 1 added to BCSet 100.
Displacement 1 added to BCSet 100.
Displacement 2 added to BCSet 100.
Displacement 3 added to BCSet 100.
Finished Command: export fidesyscase "/home/antonov/Base/Libs/FCModel/work/1_2_2026-09-11_fidesys_roundtrip/exported/Contact3dMixedSo3BriksWithGapCompressionHomogeneous.fc" overwrite

%>print("FCMODEL_EXPORT_DONE=" + json.dumps({"errors": cubit.get_error_count(), "nodes": cubit.get_node_count(), "elements": cubit.get_element_count(), "result": result}))

FCMODEL_EXPORT_DONE={"errors": 0, "nodes": 897, "elements": 488, "result": true}
3 Displacement's were deleted.
1 Pressure was deleted.
...deleting 30 pyramids from database...
...deleting 454 tets from database...
...deleting 102 tris and 306 edgeUses from database...
...deleting 4 hexes and 0 faceUses from database...
...deleting 46 faces from database...
...deleting 245 edges from database...
...deleting 897 nodes from database...
