Supervisor::Impl::load_plugins: Loaded component: libcubitcomp.ccl from directory: /home/antonov/.bin/CAE-Fidesys-8.1/preprocessor/bin
Supervisor::Impl::load_plugins: Loaded component: libFidesysComp.ccl from directory: /home/antonov/.bin/CAE-Fidesys-8.1/preprocessor/bin

%>import fidesys

%>fidesys.cmd('reset')

Finished Command: reset

True
%>fidesys.silent_cmd('import fidesyscase \'/home/antonov/Base/Libs/FCModel/data/fc_core_tests/Contact2dQuad4_KP2_Frictionless.fc\'')

[2026-09-11 18:38:32.229] [error] Property cannot be added to material 101 due to it's prerequisites and conflicts.

ERROR: Property cannot be added to material 101 due to it's prerequisites and conflicts.
[2026-09-11 18:38:32.229] [error] Command Failed.

ERROR: Command Failed.
WARNING: The distance between nodesets is not accurate.
True
%>import cubit

%>import json

%>print("FCMODEL_IMPORT_DONE=" + json.dumps({"errors": cubit.get_error_count(), "nodes": cubit.get_node_count(), "elements": cubit.get_element_count(), "version": cubit.get_version()}))

FCMODEL_IMPORT_DONE={"errors": 2, "nodes": 26030, "elements": 23171, "version": "2021.11"}
%>result = cubit.cmd('export fidesyscase "/home/antonov/Base/Libs/FCModel/work/1_2_2026-09-11_fidesys_roundtrip/exported/Contact2dQuad4_KP2_Frictionless.fc" overwrite')

Pressure 4 added to BCSet 100.
Displacement 1 added to BCSet 100.
Displacement 2 added to BCSet 100.
Displacement 3 added to BCSet 100.
Finished Command: export fidesyscase "/home/antonov/Base/Libs/FCModel/work/1_2_2026-09-11_fidesys_roundtrip/exported/Contact2dQuad4_KP2_Frictionless.fc" overwrite

%>print("FCMODEL_EXPORT_DONE=" + json.dumps({"errors": cubit.get_error_count(), "nodes": cubit.get_node_count(), "elements": cubit.get_element_count(), "result": result}))

FCMODEL_EXPORT_DONE={"errors": 2, "nodes": 26030, "elements": 23171, "result": true}
3 Displacement's were deleted.
1 Pressure was deleted.
...deleting 23171 hexes and 0 faceUses from database...
...deleting 5472 faces from database...
...deleting 10944 edges from database...
...deleting 26030 nodes from database...
[2026-09-11 18:38:32.427] [error] Errors found during session.

ERROR: Errors found during session.
