Supervisor::Impl::load_plugins: Loaded component: libcubitcomp.ccl from directory: /home/antonov/.bin/CAE-Fidesys-8.1/preprocessor/bin
Supervisor::Impl::load_plugins: Loaded component: libFidesysComp.ccl from directory: /home/antonov/.bin/CAE-Fidesys-8.1/preprocessor/bin

%>import fidesys

%>fidesys.cmd('reset')

Finished Command: reset

True
%>fidesys.silent_cmd('import fidesyscase \'/home/antonov/Base/Libs/FCModel/data/fc_core_tests/Contact3dHex8IgnoreInitialGap_PL.fc\'')

[2026-09-11 18:40:40.870] [error] Property cannot be added to material 1 due to it's prerequisites and conflicts.

ERROR: Property cannot be added to material 1 due to it's prerequisites and conflicts.
[2026-09-11 18:40:40.870] [error] Command Failed.

ERROR: Command Failed.
[2026-09-11 18:40:40.918] [error] Unrecognized Identifier: 'pure_lagrangian'

ERROR: Unrecognized Identifier: 'pure_lagrangian'
[2026-09-11 18:40:40.918] [error] syntax error (<stdin>, line 58)

ERROR: syntax error (<stdin>, line 58)
True
%>import cubit

%>import json

%>print("FCMODEL_IMPORT_DONE=" + json.dumps({"errors": cubit.get_error_count(), "nodes": cubit.get_node_count(), "elements": cubit.get_element_count(), "version": cubit.get_version()}))

FCMODEL_IMPORT_DONE={"errors": 4, "nodes": 100, "elements": 32, "version": "2021.11"}
%>result = cubit.cmd('export fidesyscase "/home/antonov/Base/Libs/FCModel/work/1_2_2026-09-11_fidesys_roundtrip/exported/Contact3dHex8IgnoreInitialGap_PL.fc" overwrite')

Displacement 1 added to BCSet 100.
Displacement 2 added to BCSet 100.
Displacement 3 added to BCSet 100.
Finished Command: export fidesyscase "/home/antonov/Base/Libs/FCModel/work/1_2_2026-09-11_fidesys_roundtrip/exported/Contact3dHex8IgnoreInitialGap_PL.fc" overwrite

%>print("FCMODEL_EXPORT_DONE=" + json.dumps({"errors": cubit.get_error_count(), "nodes": cubit.get_node_count(), "elements": cubit.get_element_count(), "result": result}))

FCMODEL_EXPORT_DONE={"errors": 4, "nodes": 100, "elements": 32, "result": true}
3 Displacement's were deleted.
...deleting 32 hexes and 0 faceUses from database...
...deleting 96 faces from database...
...deleting 192 edges from database...
...deleting 100 nodes from database...
[2026-09-11 18:40:40.983] [error] Errors found during session.

ERROR: Errors found during session.
