Supervisor::Impl::load_plugins: Loaded component: libcubitcomp.ccl from directory: /home/antonov/.bin/CAE-Fidesys-8.1/preprocessor/bin
Supervisor::Impl::load_plugins: Loaded component: libFidesysComp.ccl from directory: /home/antonov/.bin/CAE-Fidesys-8.1/preprocessor/bin

%>import fidesys

%>fidesys.cmd('reset')

Finished Command: reset

True
%>fidesys.silent_cmd('import fidesyscase \'/home/antonov/Base/Libs/FCModel/data/fc_core_tests/Contact3d_Springs_LumpMass.fc\'')

[2026-09-11 18:43:18.391] [error] Unrecognized Identifier: 'constant_damping'

ERROR: Unrecognized Identifier: 'constant_damping'
[2026-09-11 18:43:18.391] [error] syntax error (<stdin>, line 144)

ERROR: syntax error (<stdin>, line 144)
[2026-09-11 18:43:18.392] [error] There is no such Spring properties.

ERROR: There is no such Spring properties.
[2026-09-11 18:43:18.392] [error] Command Failed.

ERROR: Command Failed.
[2026-09-11 18:43:18.395] [error] There is no such Spring properties.

ERROR: There is no such Spring properties.
[2026-09-11 18:43:18.395] [error] Command Failed.

ERROR: Command Failed.
[2026-09-11 18:43:18.398] [error] There is no such Spring properties.

ERROR: There is no such Spring properties.
[2026-09-11 18:43:18.398] [error] Command Failed.

ERROR: Command Failed.
[2026-09-11 18:43:18.400] [error] There is no such Spring properties.

ERROR: There is no such Spring properties.
[2026-09-11 18:43:18.400] [error] Command Failed.

ERROR: Command Failed.
WARNING: The distance between nodesets is not accurate.
WARNING: The distance between nodesets is not accurate.
WARNING: The distance between nodesets is not accurate.
WARNING: The distance between nodesets is not accurate.
WARNING: The distance between nodesets is not accurate.
[2026-09-11 18:43:18.446] [error] Invalid element id 2.

ERROR: Invalid element id 2.
True
%>import cubit

%>import json

%>print("FCMODEL_IMPORT_DONE=" + json.dumps({"errors": cubit.get_error_count(), "nodes": cubit.get_node_count(), "elements": cubit.get_element_count(), "version": cubit.get_version()}))

FCMODEL_IMPORT_DONE={"errors": 11, "nodes": 19, "elements": 12, "version": "2021.11"}
%>result = cubit.cmd('export fidesyscase "/home/antonov/Base/Libs/FCModel/work/1_2_2026-09-11_fidesys_roundtrip/exported/Contact3d_Springs_LumpMass.fc" overwrite')

Force 1 added to BCSet 100.
Displacement 1 added to BCSet 100.
Finished Command: export fidesyscase "/home/antonov/Base/Libs/FCModel/work/1_2_2026-09-11_fidesys_roundtrip/exported/Contact3d_Springs_LumpMass.fc" overwrite

%>print("FCMODEL_EXPORT_DONE=" + json.dumps({"errors": cubit.get_error_count(), "nodes": cubit.get_node_count(), "elements": cubit.get_element_count(), "result": result}))

FCMODEL_EXPORT_DONE={"errors": 11, "nodes": 19, "elements": 12, "result": true}
1 Displacement was deleted.
1 Force was deleted.
...deleting 8 edges from database...
...deleting 19 nodes from database...
[2026-09-11 18:43:18.489] [error] Errors found during session.

ERROR: Errors found during session.
