Supervisor::Impl::load_plugins: Loaded component: libcubitcomp.ccl from directory: /home/antonov/.bin/CAE-Fidesys-8.1/preprocessor/bin
Supervisor::Impl::load_plugins: Loaded component: libFidesysComp.ccl from directory: /home/antonov/.bin/CAE-Fidesys-8.1/preprocessor/bin

%>import fidesys

%>fidesys.cmd('reset')

Finished Command: reset

True
%>fidesys.silent_cmd('import fidesyscase \'/home/antonov/Base/Libs/FCModel/data/fc_core_tests/Contact3d_TetHex_LumpMass.fc\'')

[2026-09-11 18:43:23.080] [error] Invalid element id 275.

ERROR: Invalid element id 275.
True
%>import cubit

%>import json

%>print("FCMODEL_IMPORT_DONE=" + json.dumps({"errors": cubit.get_error_count(), "nodes": cubit.get_node_count(), "elements": cubit.get_element_count(), "version": cubit.get_version()}))

FCMODEL_IMPORT_DONE={"errors": 1, "nodes": 177, "elements": 278, "version": "2021.11"}
%>result = cubit.cmd('export fidesyscase "/home/antonov/Base/Libs/FCModel/work/1_2_2026-09-11_fidesys_roundtrip/exported/Contact3d_TetHex_LumpMass.fc" overwrite')

Force 1 added to BCSet 100.
Pressure 1 added to BCSet 100.
Pressure 2 added to BCSet 100.
Displacement 1 added to BCSet 100.
Finished Command: export fidesyscase "/home/antonov/Base/Libs/FCModel/work/1_2_2026-09-11_fidesys_roundtrip/exported/Contact3d_TetHex_LumpMass.fc" overwrite

%>print("FCMODEL_EXPORT_DONE=" + json.dumps({"errors": cubit.get_error_count(), "nodes": cubit.get_node_count(), "elements": cubit.get_element_count(), "result": result}))

FCMODEL_EXPORT_DONE={"errors": 1, "nodes": 177, "elements": 278, "result": true}
1 Displacement was deleted.
1 Force was deleted.
2 Pressure's were deleted.
...deleting 257 tets from database...
...deleting 152 tris and 456 edgeUses from database...
...deleting 17 hexes and 0 faceUses from database...
...deleting 54 faces from database...
...deleting 336 edges from database...
...deleting 177 nodes from database...
[2026-09-11 18:43:23.125] [error] Errors found during session.

ERROR: Errors found during session.
