Supervisor::Impl::load_plugins: Loaded component: libcubitcomp.ccl from directory: /home/antonov/.bin/CAE-Fidesys-8.1/preprocessor/bin
Supervisor::Impl::load_plugins: Loaded component: libFidesysComp.ccl from directory: /home/antonov/.bin/CAE-Fidesys-8.1/preprocessor/bin

%>import fidesys

%>fidesys.cmd('reset')

Finished Command: reset

True
%>fidesys.silent_cmd('import fidesyscase \'/home/antonov/Base/Libs/FCModel/data/fc_core_tests/Contact2dQuadSEigenValsBeamSplitedAlongFixed.fc\'')

[2026-09-11 18:39:00.485] [error] Master entity is empty.

ERROR: Master entity is empty.
[2026-09-11 18:39:00.485] [error] Command Failed.

ERROR: Command Failed.
True
%>import cubit

%>import json

%>print("FCMODEL_IMPORT_DONE=" + json.dumps({"errors": cubit.get_error_count(), "nodes": cubit.get_node_count(), "elements": cubit.get_element_count(), "version": cubit.get_version()}))

FCMODEL_IMPORT_DONE={"errors": 2, "nodes": 146, "elements": 28, "version": "2021.11"}
%>result = cubit.cmd('export fidesyscase "/home/antonov/Base/Libs/FCModel/work/1_2_2026-09-11_fidesys_roundtrip/exported/Contact2dQuadSEigenValsBeamSplitedAlongFixed.fc" overwrite')

Displacement 1 added to BCSet 100.
Finished Command: export fidesyscase "/home/antonov/Base/Libs/FCModel/work/1_2_2026-09-11_fidesys_roundtrip/exported/Contact2dQuadSEigenValsBeamSplitedAlongFixed.fc" overwrite

%>print("FCMODEL_EXPORT_DONE=" + json.dumps({"errors": cubit.get_error_count(), "nodes": cubit.get_node_count(), "elements": cubit.get_element_count(), "result": result}))

FCMODEL_EXPORT_DONE={"errors": 2, "nodes": 146, "elements": 28, "result": true}
1 Displacement was deleted.
...deleting 28 faces from database...
...deleting 86 edges from database...
...deleting 146 nodes from database...
[2026-09-11 18:39:00.535] [error] Errors found during session.

ERROR: Errors found during session.
