Supervisor::Impl::load_plugins: Loaded component: libcubitcomp.ccl from directory: /home/antonov/.bin/CAE-Fidesys-8.1/preprocessor/bin
Supervisor::Impl::load_plugins: Loaded component: libFidesysComp.ccl from directory: /home/antonov/.bin/CAE-Fidesys-8.1/preprocessor/bin

%>import fidesys

%>fidesys.cmd('reset')

Finished Command: reset

True
%>fidesys.silent_cmd('import fidesyscase \'/home/antonov/Base/Libs/FCModel/data/fc_core_tests/Contact3dWedgeS_Tied_MPC.fc\'')

[2026-09-11 18:42:14.164] [error] Master entity is empty.

ERROR: Master entity is empty.
[2026-09-11 18:42:14.164] [error] Command Failed.

ERROR: Command Failed.
[2026-09-11 18:42:14.165] [error] Master entity is empty.

ERROR: Master entity is empty.
[2026-09-11 18:42:14.165] [error] Command Failed.

ERROR: Command Failed.
WARNING: The distance between nodesets is not accurate.
WARNING: The distance between nodesets is not accurate.
WARNING: The distance between nodesets is not accurate.
WARNING: The distance between nodesets is not accurate.
True
%>import cubit

%>import json

%>print("FCMODEL_IMPORT_DONE=" + json.dumps({"errors": cubit.get_error_count(), "nodes": cubit.get_node_count(), "elements": cubit.get_element_count(), "version": cubit.get_version()}))

FCMODEL_IMPORT_DONE={"errors": 4, "nodes": 154, "elements": 14, "version": "2021.11"}
%>result = cubit.cmd('export fidesyscase "/home/antonov/Base/Libs/FCModel/work/1_2_2026-09-11_fidesys_roundtrip/exported/Contact3dWedgeS_Tied_MPC.fc" overwrite')

Temperature 1 added to BCSet 100.
Temperature 2 added to BCSet 100.
Finished Command: export fidesyscase "/home/antonov/Base/Libs/FCModel/work/1_2_2026-09-11_fidesys_roundtrip/exported/Contact3dWedgeS_Tied_MPC.fc" overwrite

%>print("FCMODEL_EXPORT_DONE=" + json.dumps({"errors": cubit.get_error_count(), "nodes": cubit.get_node_count(), "elements": cubit.get_element_count(), "result": result}))

FCMODEL_EXPORT_DONE={"errors": 4, "nodes": 154, "elements": 14, "result": true}
2 Temperature's were deleted.
...deleting 14 wedges from database...
...deleting 28 tris and 84 edgeUses from database...
...deleting 28 faces from database...
...deleting 98 edges from database...
...deleting 154 nodes from database...
[2026-09-11 18:42:14.321] [error] Errors found during session.

ERROR: Errors found during session.
