Supervisor::Impl::load_plugins: Loaded component: libcubitcomp.ccl from directory: /home/antonov/.bin/CAE-Fidesys-8.1/preprocessor/bin
Supervisor::Impl::load_plugins: Loaded component: libFidesysComp.ccl from directory: /home/antonov/.bin/CAE-Fidesys-8.1/preprocessor/bin

%>import fidesys

%>fidesys.cmd('reset')

Finished Command: reset

True
%>fidesys.silent_cmd('import fidesyscase \'/home/antonov/Base/Libs/FCModel/data/fc_core_tests/Contact3dHex20SplitedBeamAngularVelocity.fc\'')

[2026-09-11 18:40:33.898] [error] angular creation failed

ERROR: angular creation failed
[2026-09-11 18:40:33.900] [error] angular velocity: invalid id.

ERROR: angular velocity: invalid id.
[2026-09-11 18:40:33.900] [error] Command Failed.

ERROR: Command Failed.
WARNING: The distance between nodesets is not accurate.
True
%>import cubit

%>import json

%>print("FCMODEL_IMPORT_DONE=" + json.dumps({"errors": cubit.get_error_count(), "nodes": cubit.get_node_count(), "elements": cubit.get_element_count(), "version": cubit.get_version()}))

FCMODEL_IMPORT_DONE={"errors": 3, "nodes": 641, "elements": 85, "version": "2021.11"}
%>result = cubit.cmd('export fidesyscase "/home/antonov/Base/Libs/FCModel/work/1_2_2026-09-11_fidesys_roundtrip/exported/Contact3dHex20SplitedBeamAngularVelocity.fc" overwrite')

Displacement 1 added to BCSet 100.
Finished Command: export fidesyscase "/home/antonov/Base/Libs/FCModel/work/1_2_2026-09-11_fidesys_roundtrip/exported/Contact3dHex20SplitedBeamAngularVelocity.fc" overwrite

%>print("FCMODEL_EXPORT_DONE=" + json.dumps({"errors": cubit.get_error_count(), "nodes": cubit.get_node_count(), "elements": cubit.get_element_count(), "result": result}))

FCMODEL_EXPORT_DONE={"errors": 3, "nodes": 641, "elements": 85, "result": true}
1 Displacement was deleted.
...deleting 85 hexes and 0 faceUses from database...
...deleting 166 faces from database...
...deleting 332 edges from database...
...deleting 641 nodes from database...
[2026-09-11 18:40:33.951] [error] Errors found during session.

ERROR: Errors found during session.
