Supervisor::Impl::load_plugins: Loaded component: libcubitcomp.ccl from directory: /home/antonov/.bin/CAE-Fidesys-8.1/preprocessor/bin
Supervisor::Impl::load_plugins: Loaded component: libFidesysComp.ccl from directory: /home/antonov/.bin/CAE-Fidesys-8.1/preprocessor/bin

%>import fidesys

%>fidesys.cmd('reset')

Finished Command: reset

True
%>fidesys.silent_cmd('import fidesyscase \'/home/antonov/Base/Libs/FCModel/data/fc_core_tests/Contact3d_PlastSo3_Mises_PointDisp_bysteps_Tied_MPC.fc\'')

WARNING: The distance between nodesets is not accurate.
WARNING: The distance between nodesets is not accurate.
[2026-09-11 18:42:53.537] [error] Master entity is empty.

ERROR: Master entity is empty.
[2026-09-11 18:42:53.537] [error] Command Failed.

ERROR: Command Failed.
[2026-09-11 18:42:53.539] [error] Master entity is empty.

ERROR: Master entity is empty.
[2026-09-11 18:42:53.539] [error] Command Failed.

ERROR: Command Failed.
WARNING: The distance between nodesets is not accurate.
WARNING: The distance between nodesets is not accurate.
WARNING: The distance between nodesets is not accurate.
WARNING: The distance between nodesets is not accurate.
True
%>import cubit

%>import json

%>print("FCMODEL_IMPORT_DONE=" + json.dumps({"errors": cubit.get_error_count(), "nodes": cubit.get_node_count(), "elements": cubit.get_element_count(), "version": cubit.get_version()}))

FCMODEL_IMPORT_DONE={"errors": 4, "nodes": 291, "elements": 75, "version": "2021.11"}
%>result = cubit.cmd('export fidesyscase "/home/antonov/Base/Libs/FCModel/work/1_2_2026-09-11_fidesys_roundtrip/exported/Contact3d_PlastSo3_Mises_PointDisp_bysteps_Tied_MPC.fc" overwrite')

Displacement 1 added to BCSet 100.
Displacement 2 added to BCSet 100.
Displacement 3 added to BCSet 100.
Displacement 4 added to BCSet 100.
Displacement 5 added to BCSet 100.
Displacement 6 added to BCSet 100.
Finished Command: export fidesyscase "/home/antonov/Base/Libs/FCModel/work/1_2_2026-09-11_fidesys_roundtrip/exported/Contact3d_PlastSo3_Mises_PointDisp_bysteps_Tied_MPC.fc" overwrite

%>print("FCMODEL_EXPORT_DONE=" + json.dumps({"errors": cubit.get_error_count(), "nodes": cubit.get_node_count(), "elements": cubit.get_element_count(), "result": result}))

FCMODEL_EXPORT_DONE={"errors": 4, "nodes": 291, "elements": 75, "result": true}
6 Displacement's were deleted.
...deleting 1 pyramids from database...
...deleting 12 wedges from database...
...deleting 60 tets from database...
...deleting 82 tris and 246 edgeUses from database...
...deleting 2 hexes and 0 faceUses from database...
...deleting 27 faces from database...
...deleting 177 edges from database...
...deleting 291 nodes from database...
[2026-09-11 18:42:53.617] [error] Errors found during session.

ERROR: Errors found during session.
