Supervisor::Impl::load_plugins: Loaded component: libcubitcomp.ccl from directory: /home/antonov/.bin/CAE-Fidesys-8.1/preprocessor/bin
Supervisor::Impl::load_plugins: Loaded component: libFidesysComp.ccl from directory: /home/antonov/.bin/CAE-Fidesys-8.1/preprocessor/bin

%>import fidesys

%>fidesys.cmd('reset')

Finished Command: reset

True
%>fidesys.silent_cmd('import fidesyscase \'/home/antonov/Base/Libs/FCModel/data/fc_core_tests/Contact3dMixed2Cube13CutRigidMove_Homogeneous.fc\'')

WARNING: The distance between nodesets is not accurate.
WARNING: The distance between nodesets is not accurate.
WARNING: The distance between nodesets is not accurate.
WARNING: The distance between nodesets is not accurate.
WARNING: The distance between nodesets is not accurate.
[2026-09-11 18:41:08.788] [error] Master entity is empty.

ERROR: Master entity is empty.
[2026-09-11 18:41:08.788] [error] Command Failed.

ERROR: Command Failed.
WARNING: The distance between nodesets is not accurate.
[2026-09-11 18:41:08.792] [error] Master entity is empty.

ERROR: Master entity is empty.
[2026-09-11 18:41:08.792] [error] Command Failed.

ERROR: Command Failed.
[2026-09-11 18:41:08.794] [error] Master entity is empty.

ERROR: Master entity is empty.
[2026-09-11 18:41:08.794] [error] Command Failed.

ERROR: Command Failed.
[2026-09-11 18:41:08.796] [error] Master entity is empty.

ERROR: Master entity is empty.
[2026-09-11 18:41:08.796] [error] Command Failed.

ERROR: Command Failed.
WARNING: The distance between nodesets is not accurate.
WARNING: The distance between nodesets is not accurate.
WARNING: The distance between nodesets is not accurate.
WARNING: The distance between nodesets is not accurate.
WARNING: The distance between nodesets is not accurate.
WARNING: The distance between nodesets is not accurate.
[2026-09-11 18:41:08.812] [error] Master entity is empty.

ERROR: Master entity is empty.
[2026-09-11 18:41:08.812] [error] Command Failed.

ERROR: Command Failed.
WARNING: The distance between nodesets is not accurate.
WARNING: The distance between nodesets is not accurate.
[2026-09-11 18:41:08.820] [error] Master entity is empty.

ERROR: Master entity is empty.
[2026-09-11 18:41:08.821] [error] Command Failed.

ERROR: Command Failed.
[2026-09-11 18:41:08.823] [error] Master entity is empty.

ERROR: Master entity is empty.
[2026-09-11 18:41:08.823] [error] Command Failed.

ERROR: Command Failed.
WARNING: The distance between nodesets is not accurate.
WARNING: The distance between nodesets is not accurate.
WARNING: The distance between nodesets is not accurate.
[2026-09-11 18:41:08.832] [error] Master entity is empty.

ERROR: Master entity is empty.
[2026-09-11 18:41:08.833] [error] Command Failed.

ERROR: Command Failed.
WARNING: The distance between nodesets is not accurate.
WARNING: The distance between nodesets is not accurate.
True
%>import cubit

%>import json

%>print("FCMODEL_IMPORT_DONE=" + json.dumps({"errors": cubit.get_error_count(), "nodes": cubit.get_node_count(), "elements": cubit.get_element_count(), "version": cubit.get_version()}))

FCMODEL_IMPORT_DONE={"errors": 16, "nodes": 10764, "elements": 5173, "version": "2021.11"}
%>result = cubit.cmd('export fidesyscase "/home/antonov/Base/Libs/FCModel/work/1_2_2026-09-11_fidesys_roundtrip/exported/Contact3dMixed2Cube13CutRigidMove_Homogeneous.fc" overwrite')

Displacement 1 added to BCSet 100.
Finished Command: export fidesyscase "/home/antonov/Base/Libs/FCModel/work/1_2_2026-09-11_fidesys_roundtrip/exported/Contact3dMixed2Cube13CutRigidMove_Homogeneous.fc" overwrite

%>print("FCMODEL_EXPORT_DONE=" + json.dumps({"errors": cubit.get_error_count(), "nodes": cubit.get_node_count(), "elements": cubit.get_element_count(), "result": result}))

FCMODEL_EXPORT_DONE={"errors": 16, "nodes": 10764, "elements": 5173, "result": true}
1 Displacement was deleted.
...deleting 82 pyramids from database...
...deleting 204 wedges from database...
...deleting 4639 tets from database...
...deleting 1712 tris and 5136 edgeUses from database...
...deleting 248 hexes and 0 faceUses from database...
...deleting 570 faces from database...
...deleting 3708 edges from database...
...deleting 10764 nodes from database...
[2026-09-11 18:41:09.007] [error] Errors found during session.

ERROR: Errors found during session.
