Supervisor::Impl::load_plugins: Loaded component: libcubitcomp.ccl from directory: /home/antonov/.bin/CAE-Fidesys-8.1/preprocessor/bin
Supervisor::Impl::load_plugins: Loaded component: libFidesysComp.ccl from directory: /home/antonov/.bin/CAE-Fidesys-8.1/preprocessor/bin

%>import fidesys

%>fidesys.cmd('reset')

Finished Command: reset

True
%>fidesys.silent_cmd('import fidesyscase \'/home/antonov/Base/Libs/FCModel/data/fc_core_tests/Contact3d_Plast_Mises_PointDisp_bysteps_NotConform_Tied_MPC.fc\'')

True
%>import cubit

%>import json

%>print("FCMODEL_IMPORT_DONE=" + json.dumps({"errors": cubit.get_error_count(), "nodes": cubit.get_node_count(), "elements": cubit.get_element_count(), "version": cubit.get_version()}))

FCMODEL_IMPORT_DONE={"errors": 0, "nodes": 219, "elements": 107, "version": "2021.11"}
%>result = cubit.cmd('export fidesyscase "/home/antonov/Base/Libs/FCModel/work/1_2_2026-09-11_fidesys_roundtrip/exported/Contact3d_Plast_Mises_PointDisp_bysteps_NotConform_Tied_MPC.fc" overwrite')

Displacement 1 added to BCSet 100.
Displacement 2 added to BCSet 100.
Displacement 3 added to BCSet 100.
Displacement 4 added to BCSet 100.
Displacement 5 added to BCSet 100.
Displacement 6 added to BCSet 100.
Finished Command: export fidesyscase "/home/antonov/Base/Libs/FCModel/work/1_2_2026-09-11_fidesys_roundtrip/exported/Contact3d_Plast_Mises_PointDisp_bysteps_NotConform_Tied_MPC.fc" overwrite

%>print("FCMODEL_EXPORT_DONE=" + json.dumps({"errors": cubit.get_error_count(), "nodes": cubit.get_node_count(), "elements": cubit.get_element_count(), "result": result}))

FCMODEL_EXPORT_DONE={"errors": 0, "nodes": 219, "elements": 107, "result": true}
6 Displacement's were deleted.
...deleting 107 hexes and 0 faceUses from database...
...deleting 174 faces from database...
...deleting 348 edges from database...
...deleting 219 nodes from database...
