Supervisor::Impl::load_plugins: Loaded component: libcubitcomp.ccl from directory: /home/antonov/.bin/CAE-Fidesys-8.1/preprocessor/bin
Supervisor::Impl::load_plugins: Loaded component: libFidesysComp.ccl from directory: /home/antonov/.bin/CAE-Fidesys-8.1/preprocessor/bin

%>import fidesys

%>fidesys.cmd('reset')

Finished Command: reset

True
%>fidesys.silent_cmd('import fidesyscase \'/home/antonov/Base/Libs/FCModel/data/fc_core_tests/Contact2d_Tri3_LinSpringAlongEdgeVertical_not_conform.fc\'')

WARNING: 4 elements were already in some previous block.
WARNING: Block 3 will not contain these elements
WARNING: Duplicates are contained in group import_duplicates_from_block_3
[2026-09-11 18:40:14.293] [error] Unrecognized Identifier: 'constant_damping'

ERROR: Unrecognized Identifier: 'constant_damping'
[2026-09-11 18:40:14.293] [error] syntax error (<stdin>, line 61)

ERROR: syntax error (<stdin>, line 61)
[2026-09-11 18:40:14.294] [error] There is no such Spring properties.

ERROR: There is no such Spring properties.
[2026-09-11 18:40:14.294] [error] Command Failed.

ERROR: Command Failed.
[2026-09-11 18:40:14.307] [error] Master entity is empty.

ERROR: Master entity is empty.
[2026-09-11 18:40:14.307] [error] Command Failed.

ERROR: Command Failed.
WARNING: The distance between nodesets is not accurate.
True
%>import cubit

%>import json

%>print("FCMODEL_IMPORT_DONE=" + json.dumps({"errors": cubit.get_error_count(), "nodes": cubit.get_node_count(), "elements": cubit.get_element_count(), "version": cubit.get_version()}))

FCMODEL_IMPORT_DONE={"errors": 6, "nodes": 20, "elements": 23, "version": "2021.11"}
%>result = cubit.cmd('export fidesyscase "/home/antonov/Base/Libs/FCModel/work/1_2_2026-09-11_fidesys_roundtrip/exported/Contact2d_Tri3_LinSpringAlongEdgeVertical_not_conform.fc" overwrite')

Pressure 1 added to BCSet 100.
Displacement 1 added to BCSet 100.
Displacement 2 added to BCSet 100.
Finished Command: export fidesyscase "/home/antonov/Base/Libs/FCModel/work/1_2_2026-09-11_fidesys_roundtrip/exported/Contact2d_Tri3_LinSpringAlongEdgeVertical_not_conform.fc" overwrite

%>print("FCMODEL_EXPORT_DONE=" + json.dumps({"errors": cubit.get_error_count(), "nodes": cubit.get_node_count(), "elements": cubit.get_element_count(), "result": result}))

FCMODEL_EXPORT_DONE={"errors": 6, "nodes": 20, "elements": 23, "result": true}
2 Displacement's were deleted.
1 Pressure was deleted.
...deleting 19 tris and 57 edgeUses from database...
...deleting 37 edges from database...
...deleting 20 nodes from database...
[2026-09-11 18:40:14.358] [error] Errors found during session.

ERROR: Errors found during session.
