Supervisor::Impl::load_plugins: Loaded component: libcubitcomp.ccl from directory: /home/antonov/.bin/CAE-Fidesys-8.1/preprocessor/bin
Supervisor::Impl::load_plugins: Loaded component: libFidesysComp.ccl from directory: /home/antonov/.bin/CAE-Fidesys-8.1/preprocessor/bin

%>import fidesys

%>fidesys.cmd('reset')

Finished Command: reset

True
%>fidesys.silent_cmd('import fidesyscase \'/home/antonov/Base/Libs/FCModel/data/fc_core_tests/Contact2d_TriSo3_LinSpringInCenterVertical_not_conform.fc\'')

[2026-09-11 18:40:18.612] [error] Unrecognized Identifier: 'constant_damping'

ERROR: Unrecognized Identifier: 'constant_damping'
[2026-09-11 18:40:18.612] [error] syntax error (<stdin>, line 63)

ERROR: syntax error (<stdin>, line 63)
[2026-09-11 18:40:18.614] [error] There is no such Spring properties.

ERROR: There is no such Spring properties.
[2026-09-11 18:40:18.615] [error] Command Failed.

ERROR: Command Failed.
[2026-09-11 18:40:18.639] [error] Master entity is empty.

ERROR: Master entity is empty.
[2026-09-11 18:40:18.640] [error] Command Failed.

ERROR: Command Failed.
[2026-09-11 18:40:18.651] [error] Invalid element id 1.

ERROR: Invalid element id 1.
True
%>import cubit

%>import json

%>print("FCMODEL_IMPORT_DONE=" + json.dumps({"errors": cubit.get_error_count(), "nodes": cubit.get_node_count(), "elements": cubit.get_element_count(), "version": cubit.get_version()}))

FCMODEL_IMPORT_DONE={"errors": 7, "nodes": 63, "elements": 23, "version": "2021.11"}
%>result = cubit.cmd('export fidesyscase "/home/antonov/Base/Libs/FCModel/work/1_2_2026-09-11_fidesys_roundtrip/exported/Contact2d_TriSo3_LinSpringInCenterVertical_not_conform.fc" overwrite')

Displacement 1 added to BCSet 100.
Displacement 2 added to BCSet 100.
Displacement 3 added to BCSet 100.
Displacement 4 added to BCSet 100.
Finished Command: export fidesyscase "/home/antonov/Base/Libs/FCModel/work/1_2_2026-09-11_fidesys_roundtrip/exported/Contact2d_TriSo3_LinSpringInCenterVertical_not_conform.fc" overwrite

%>print("FCMODEL_EXPORT_DONE=" + json.dumps({"errors": cubit.get_error_count(), "nodes": cubit.get_node_count(), "elements": cubit.get_element_count(), "result": result}))

FCMODEL_EXPORT_DONE={"errors": 7, "nodes": 63, "elements": 23, "result": true}
4 Displacement's were deleted.
...deleting 20 tris and 60 edgeUses from database...
...deleting 42 edges from database...
...deleting 63 nodes from database...
[2026-09-11 18:40:18.697] [error] Errors found during session.

ERROR: Errors found during session.
